Modules list:
-------------
main.o:
    CODE              Offs=000000  Size=00009B  Align=00001  Fill=0000
timer.o:
    CODE              Offs=00009B  Size=000074  Align=00001  Fill=0000
    BSS               Offs=000000  Size=000008  Align=00001  Fill=0000
creature.o:
    CODE              Offs=00010F  Size=000311  Align=00001  Fill=0000
    RODATA            Offs=000000  Size=000030  Align=00001  Fill=0000
DNA.o:
    CODE              Offs=000420  Size=000006  Align=00001  Fill=0000
map.o:
    CODE              Offs=000426  Size=0000D5  Align=00001  Fill=0000
    RODATA            Offs=000030  Size=00000E  Align=00001  Fill=0000
test.o:
    CODE              Offs=0004FB  Size=00000C  Align=00001  Fill=0000
    RODATA            Offs=00003E  Size=00001E  Align=00001  Fill=0000
system.o:
    CODE              Offs=000507  Size=00000C  Align=00001  Fill=0000
    RODATA            Offs=00005C  Size=000002  Align=00001  Fill=0000
/Volumes/Zort/git/cc65/lib/cx16.lib(_directerrno.o):
    CODE              Offs=000513  Size=000009  Align=00001  Fill=0000
/Volumes/Zort/git/cc65/lib/cx16.lib(_file.o):
    DATA              Offs=000000  Size=00001E  Align=00001  Fill=0000
/Volumes/Zort/git/cc65/lib/cx16.lib(_hextab.o):
    RODATA            Offs=00005E  Size=000010  Align=00001  Fill=0000
/Volumes/Zort/git/cc65/lib/cx16.lib(_longminstr.o):
    RODATA            Offs=00006E  Size=00000C  Align=00001  Fill=0000
/Volumes/Zort/git/cc65/lib/cx16.lib(_mappederrno.o):
    CODE              Offs=00051C  Size=00000F  Align=00001  Fill=0000
/Volumes/Zort/git/cc65/lib/cx16.lib(_oserror.o):
    BSS               Offs=000008  Size=000001  Align=00001  Fill=0000
/Volumes/Zort/git/cc65/lib/cx16.lib(_printf.o):
    CODE              Offs=00052B  Size=0003A1  Align=00001  Fill=0000
    BSS               Offs=000009  Size=00002B  Align=00001  Fill=0000
    DATA              Offs=00001E  Size=000003  Align=00001  Fill=0000
/Volumes/Zort/git/cc65/lib/cx16.lib(_seterrno.o):
    CODE              Offs=0008CC  Size=000009  Align=00001  Fill=0000
/Volumes/Zort/git/cc65/lib/cx16.lib(_sys.o):
    CODE              Offs=0008D5  Size=000044  Align=00001  Fill=0000
/Volumes/Zort/git/cc65/lib/cx16.lib(add.o):
    CODE              Offs=000919  Size=000018  Align=00001  Fill=0000
/Volumes/Zort/git/cc65/lib/cx16.lib(addysp.o):
    CODE              Offs=000931  Size=00000E  Align=00001  Fill=0000
/Volumes/Zort/git/cc65/lib/cx16.lib(aslax1.o):
    CODE              Offs=00093F  Size=000008  Align=00001  Fill=0000
/Volumes/Zort/git/cc65/lib/cx16.lib(aslax2.o):
    CODE              Offs=000947  Size=00000B  Align=00001  Fill=0000
/Volumes/Zort/git/cc65/lib/cx16.lib(aslax3.o):
    CODE              Offs=000952  Size=00000E  Align=00001  Fill=0000
/Volumes/Zort/git/cc65/lib/cx16.lib(axlong.o):
    CODE              Offs=000960  Size=00000D  Align=00001  Fill=0000
/Volumes/Zort/git/cc65/lib/cx16.lib(callmain.o):
    CODE              Offs=00096D  Size=000017  Align=00001  Fill=0000
    DATA              Offs=000021  Size=000004  Align=00001  Fill=0000
/Volumes/Zort/git/cc65/lib/cx16.lib(clock.o):
    CODE              Offs=000984  Size=00000F  Align=00001  Fill=0000
/Volumes/Zort/git/cc65/lib/cx16.lib(clrscr.o):
    CODE              Offs=000993  Size=000011  Align=00001  Fill=0000
/Volumes/Zort/git/cc65/lib/cx16.lib(color.o):
    CODE              Offs=0009A4  Size=00002A  Align=00001  Fill=0000
/Volumes/Zort/git/cc65/lib/cx16.lib(condes.o):
    CODE              Offs=0009CE  Size=00000C  Align=00001  Fill=0000
    DATA              Offs=000025  Size=000025  Align=00001  Fill=0000
    ONCE              Offs=000000  Size=00000C  Align=00001  Fill=0000
/Volumes/Zort/git/cc65/lib/cx16.lib(cputc.o):
    CODE              Offs=0009DA  Size=000062  Align=00001  Fill=0000
    RODATA            Offs=00007A  Size=000008  Align=00001  Fill=0000
/Volumes/Zort/git/cc65/lib/cx16.lib(cputs.o):
    CODE              Offs=000A3C  Size=00001D  Align=00001  Fill=0000
/Volumes/Zort/git/cc65/lib/cx16.lib(crt0.o):
    STARTUP           Offs=000000  Size=000021  Align=00001  Fill=0000
    ONCE              Offs=00000C  Size=00001B  Align=00001  Fill=0000
    INIT              Offs=000000  Size=000002  Align=00001  Fill=0000
/Volumes/Zort/git/cc65/lib/cx16.lib(ctype.o):
    RODATA            Offs=000082  Size=00008B  Align=00001  Fill=0000
/Volumes/Zort/git/cc65/lib/cx16.lib(ctypemask.o):
    CODE              Offs=000A59  Size=00001E  Align=00001  Fill=0000
/Volumes/Zort/git/cc65/lib/cx16.lib(decaxy.o):
    CODE              Offs=000A77  Size=000009  Align=00001  Fill=0000
/Volumes/Zort/git/cc65/lib/cx16.lib(decsp2.o):
    CODE              Offs=000A80  Size=00000D  Align=00001  Fill=0000
/Volumes/Zort/git/cc65/lib/cx16.lib(decsp3.o):
    CODE              Offs=000A8D  Size=00000D  Align=00001  Fill=0000
/Volumes/Zort/git/cc65/lib/cx16.lib(decsp4.o):
    CODE              Offs=000A9A  Size=00000D  Align=00001  Fill=0000
/Volumes/Zort/git/cc65/lib/cx16.lib(decsp6.o):
    CODE              Offs=000AA7  Size=00000D  Align=00001  Fill=0000
/Volumes/Zort/git/cc65/lib/cx16.lib(div.o):
    CODE              Offs=000AB4  Size=000015  Align=00001  Fill=0000
/Volumes/Zort/git/cc65/lib/cx16.lib(divt.o):
    CODE              Offs=000AC9  Size=000015  Align=00001  Fill=0000
/Volumes/Zort/git/cc65/lib/cx16.lib(errno.o):
    BSS               Offs=000034  Size=000002  Align=00001  Fill=0000
/Volumes/Zort/git/cc65/lib/cx16.lib(exehdr.o):
    EXEHDR            Offs=000000  Size=00000C  Align=00001  Fill=0000
/Volumes/Zort/git/cc65/lib/cx16.lib(filedes.o):
    CODE              Offs=000ADE  Size=00000E  Align=00001  Fill=0000
    DATA              Offs=00004A  Size=000010  Align=00001  Fill=0000
/Volumes/Zort/git/cc65/lib/cx16.lib(fwrite.o):
    CODE              Offs=000AEC  Size=000077  Align=00001  Fill=0000
    BSS               Offs=000036  Size=000002  Align=00001  Fill=0000
/Volumes/Zort/git/cc65/lib/cx16.lib(gettime.o):
    CODE              Offs=000B63  Size=00004C  Align=00001  Fill=0000
/Volumes/Zort/git/cc65/lib/cx16.lib(gotoxy.o):
    CODE              Offs=000BAF  Size=00000F  Align=00001  Fill=0000
/Volumes/Zort/git/cc65/lib/cx16.lib(incsp1.o):
    CODE              Offs=000BBE  Size=000007  Align=00001  Fill=0000
/Volumes/Zort/git/cc65/lib/cx16.lib(incsp2.o):
    CODE              Offs=000BC5  Size=000015  Align=00001  Fill=0000
/Volumes/Zort/git/cc65/lib/cx16.lib(incsp3.o):
    CODE              Offs=000BDA  Size=000005  Align=00001  Fill=0000
/Volumes/Zort/git/cc65/lib/cx16.lib(incsp4.o):
    CODE              Offs=000BDF  Size=000005  Align=00001  Fill=0000
/Volumes/Zort/git/cc65/lib/cx16.lib(incsp5.o):
    CODE              Offs=000BE4  Size=000005  Align=00001  Fill=0000
/Volumes/Zort/git/cc65/lib/cx16.lib(incsp6.o):
    CODE              Offs=000BE9  Size=000005  Align=00001  Fill=0000
/Volumes/Zort/git/cc65/lib/cx16.lib(jmpvec.o):
    DATA              Offs=00005A  Size=000003  Align=00001  Fill=0000
/Volumes/Zort/git/cc65/lib/cx16.lib(kernal.o):
/Volumes/Zort/git/cc65/lib/cx16.lib(ladd.o):
    CODE              Offs=000BEE  Size=000024  Align=00001  Fill=0000
/Volumes/Zort/git/cc65/lib/cx16.lib(lcmp.o):
    CODE              Offs=000C12  Size=00003B  Align=00001  Fill=0000
/Volumes/Zort/git/cc65/lib/cx16.lib(ldaxsp.o):
    CODE              Offs=000C4D  Size=000009  Align=00001  Fill=0000
/Volumes/Zort/git/cc65/lib/cx16.lib(ldeaxysp.o):
    CODE              Offs=000C56  Size=000013  Align=00001  Fill=0000
/Volumes/Zort/git/cc65/lib/cx16.lib(ldiv.o):
    CODE              Offs=000C69  Size=00001C  Align=00001  Fill=0000
/Volumes/Zort/git/cc65/lib/cx16.lib(lmul.o):
    CODE              Offs=000C85  Size=000059  Align=00001  Fill=0000
/Volumes/Zort/git/cc65/lib/cx16.lib(lneg.o):
    CODE              Offs=000CDE  Size=00001E  Align=00001  Fill=0000
/Volumes/Zort/git/cc65/lib/cx16.lib(loadaddr.o):
    LOADADDR          Offs=000000  Size=000002  Align=00001  Fill=0000
/Volumes/Zort/git/cc65/lib/cx16.lib(lpush.o):
    CODE              Offs=000CFC  Size=00001E  Align=00001  Fill=0000
/Volumes/Zort/git/cc65/lib/cx16.lib(lshelp.o):
    CODE              Offs=000D1A  Size=000052  Align=00001  Fill=0000
/Volumes/Zort/git/cc65/lib/cx16.lib(lsub.o):
    CODE              Offs=000D6C  Size=000024  Align=00001  Fill=0000
/Volumes/Zort/git/cc65/lib/cx16.lib(ltoa.o):
    CODE              Offs=000D90  Size=000093  Align=00001  Fill=0000
/Volumes/Zort/git/cc65/lib/cx16.lib(ludiv.o):
    CODE              Offs=000E23  Size=000077  Align=00001  Fill=0000
/Volumes/Zort/git/cc65/lib/cx16.lib(lult.o):
    CODE              Offs=000E9A  Size=000006  Align=00001  Fill=0000
/Volumes/Zort/git/cc65/lib/cx16.lib(makebool.o):
    CODE              Offs=000EA0  Size=00002C  Align=00001  Fill=0000
/Volumes/Zort/git/cc65/lib/cx16.lib(mktime.o):
    CODE              Offs=000ECC  Size=000257  Align=00001  Fill=0000
    BSS               Offs=000038  Size=000005  Align=00001  Fill=0000
    DATA              Offs=00005D  Size=000024  Align=00001  Fill=0000
/Volumes/Zort/git/cc65/lib/cx16.lib(mod.o):
    CODE              Offs=001123  Size=000011  Align=00001  Fill=0000
/Volumes/Zort/git/cc65/lib/cx16.lib(mul.o):
    CODE              Offs=001134  Size=000045  Align=00001  Fill=0000
/Volumes/Zort/git/cc65/lib/cx16.lib(mul8.o):
    CODE              Offs=001179  Size=00003A  Align=00001  Fill=0000
/Volumes/Zort/git/cc65/lib/cx16.lib(negabs.o):
    CODE              Offs=0011B3  Size=000012  Align=00001  Fill=0000
/Volumes/Zort/git/cc65/lib/cx16.lib(or.o):
    CODE              Offs=0011C5  Size=000011  Align=00001  Fill=0000
/Volumes/Zort/git/cc65/lib/cx16.lib(oserror.o):
    CODE              Offs=0011D6  Size=000016  Align=00001  Fill=0000
    RODATA            Offs=00010D  Size=00005A  Align=00001  Fill=0000
/Volumes/Zort/git/cc65/lib/cx16.lib(popa.o):
    CODE              Offs=0011EC  Size=00000A  Align=00001  Fill=0000
/Volumes/Zort/git/cc65/lib/cx16.lib(popptr1.o):
    CODE              Offs=0011F6  Size=00000E  Align=00001  Fill=0000
/Volumes/Zort/git/cc65/lib/cx16.lib(printf.o):
    CODE              Offs=001204  Size=000033  Align=00001  Fill=0000
    BSS               Offs=00003D  Size=000001  Align=00001  Fill=0000
/Volumes/Zort/git/cc65/lib/cx16.lib(push1.o):
    CODE              Offs=001237  Size=000005  Align=00001  Fill=0000
/Volumes/Zort/git/cc65/lib/cx16.lib(pusha.o):
    CODE              Offs=00123C  Size=000016  Align=00001  Fill=0000
/Volumes/Zort/git/cc65/lib/cx16.lib(pushax.o):
    CODE              Offs=001252  Size=00001A  Align=00001  Fill=0000
/Volumes/Zort/git/cc65/lib/cx16.lib(pushwsp.o):
    CODE              Offs=00126C  Size=00001C  Align=00001  Fill=0000
/Volumes/Zort/git/cc65/lib/cx16.lib(rand.o):
    CODE              Offs=001288  Size=000034  Align=00001  Fill=0000
    DATA              Offs=000081  Size=000004  Align=00001  Fill=0000
/Volumes/Zort/git/cc65/lib/cx16.lib(randomize.o):
    CODE              Offs=0012BC  Size=000006  Align=00001  Fill=0000
/Volumes/Zort/git/cc65/lib/cx16.lib(return0.o):
    CODE              Offs=0012C2  Size=000004  Align=00001  Fill=0000
/Volumes/Zort/git/cc65/lib/cx16.lib(rwcommon.o):
    CODE              Offs=0012C6  Size=00001A  Align=00001  Fill=0000
/Volumes/Zort/git/cc65/lib/cx16.lib(shelp.o):
    CODE              Offs=0012E0  Size=000020  Align=00001  Fill=0000
/Volumes/Zort/git/cc65/lib/cx16.lib(shrax2.o):
    CODE              Offs=001300  Size=00000B  Align=00001  Fill=0000
/Volumes/Zort/git/cc65/lib/cx16.lib(staspidx.o):
    CODE              Offs=00130B  Size=000016  Align=00001  Fill=0000
/Volumes/Zort/git/cc65/lib/cx16.lib(staxsp.o):
    CODE              Offs=001321  Size=00000B  Align=00001  Fill=0000
/Volumes/Zort/git/cc65/lib/cx16.lib(steaxspi.o):
    CODE              Offs=00132C  Size=000022  Align=00001  Fill=0000
/Volumes/Zort/git/cc65/lib/cx16.lib(strlen.o):
    CODE              Offs=00134E  Size=000016  Align=00001  Fill=0000
/Volumes/Zort/git/cc65/lib/cx16.lib(strlower.o):
    CODE              Offs=001364  Size=000027  Align=00001  Fill=0000
/Volumes/Zort/git/cc65/lib/cx16.lib(timezone.o):
    DATA              Offs=000085  Size=00000F  Align=00001  Fill=0000
/Volumes/Zort/git/cc65/lib/cx16.lib(tmcommon.o):
    CODE              Offs=00138B  Size=00000D  Align=00001  Fill=0000
    DATA              Offs=000094  Size=000012  Align=00001  Fill=0000
/Volumes/Zort/git/cc65/lib/cx16.lib(udiv.o):
    CODE              Offs=001398  Size=00004F  Align=00001  Fill=0000
/Volumes/Zort/git/cc65/lib/cx16.lib(umod.o):
    CODE              Offs=0013E7  Size=000011  Align=00001  Fill=0000
/Volumes/Zort/git/cc65/lib/cx16.lib(vfprintf.o):
    CODE              Offs=0013F8  Size=000060  Align=00001  Fill=0000
    DATA              Offs=0000A6  Size=000008  Align=00001  Fill=0000
/Volumes/Zort/git/cc65/lib/cx16.lib(write.o):
    CODE              Offs=001458  Size=000052  Align=00001  Fill=0000
    ONCE              Offs=000027  Size=000011  Align=00001  Fill=0000
/Volumes/Zort/git/cc65/lib/cx16.lib(zerobss.o):
    CODE              Offs=0014AA  Size=000023  Align=00001  Fill=0000
/Volumes/Zort/git/cc65/lib/cx16.lib(zeropage.o):
    ZEROPAGE          Offs=000000  Size=00001A  Align=00001  Fill=0000


Segment list:
-------------
Name                   Start     End    Size  Align
----------------------------------------------------
ZEROPAGE              000022  00003B  00001A  00001
LOADADDR              0007FF  000800  000002  00001
EXEHDR                000801  00080C  00000C  00001
STARTUP               00080D  00082D  000021  00001
CODE                  00082E  001CFA  0014CD  00001
RODATA                001CFB  001E61  000167  00001
DATA                  001E62  001F0F  0000AE  00001
INIT                  001F10  001F11  000002  00001
BSS                   001F12  001F4F  00003E  00001
ONCE                  001F12  001F4D  00003C  00001


Exports list by name:
---------------------
BSOUT                     00FFD2 RLA    CHROUT                    00FFD2 RLA    
CKOUT                     00FFC9 RLA    CLOCK_GET_DATE_TIME       00FF50 RLA    
CLRCH                     00FFCC RLA    ENTROPY_GET               00FECF RLA    
OPEN                      00FFC0 RLA    PLOT                      00FFF0 RLA    
RDTIM                     00FFDE RLA    READST                    00FFB7 RLA    
SETLFS                    00FFBA RLA    SETTIM                    00FFDB RLA    
TM                        001EF6 RLA    __BSS_RUN__               001F12 RLA    
__BSS_SIZE__              00003E REA    __CONSTRUCTOR_COUNT__     000002 REA    
__CONSTRUCTOR_TABLE__     001F4A RLA    __DESTRUCTOR_COUNT__      000000 REA    
__DESTRUCTOR_TABLE__      001E62 RLA    __EXEHDR__                000001 REA    
__HEADER_LAST__           00080D RLA    __HIMEM__                 009F00 REA    
__LOADADDR__              000001 REA    __MAIN_SIZE__             0096F3 REA    
__MAIN_START__            00080D RLA    __ONCE_RUN__              001F12 RLA    
__STACKSIZE__             000800 REA    __STARTUP__               000001 REA    
___directerrno            000D41 RLA    ___errno                  001F46 RLA    
___mappederrno            000D4A RLA    ___oserror                001F1A RLA    
___osmaperrno             001A04 RLA    ___randomize              001AEA RLA    
___seterrno               0010FA RLA    __ctype                   001D7D RLA    
__ctypeidx                001D88 RLA    __hextab                  001D59 RLA    
__longminstr              001D69 RLA    __printf                  000E4A RLA    
__sys                     001103 RLA    __tz                      001EE7 RLA    
_clock                    0011B9 RLA    _clock_gettime            001391 RLA    
_clrscr                   0011C1 RLA    _cputc                    00120D RLA    
_cputsxy                  00126A RLA    _creature_dump            00094E RLA    
_creature_extract         00093D RLA    _creature_init            0009F7 RLA    
_creature_randomWalk      000A68 RLA    _creature_show            0009A6 RLA    
_div                      0012F7 RLA    _fwrite                   00131A RLA    
_gotoxy                   0013E0 RLA    _ltoa                     0015D6 RLA    
_main                     00084E RLA    _map_show                 000CDA RLA    
_map_show_cell            000C54 RLA    _mktime                   001785 RLA    
_printf                   001A32 RLA    _rand                     001AC2 RLA    
_srand                    001AB6 RLA    _stdout                   001E7C RLA    
_strlen                   001B7C RLA    _strlower                 001B92 RLA    
_textcolor                0011D2 RLA    _ultoa                    001615 RLA    
_vfprintf                 001C5D RLA    _write                    001C86 RLA    
addysp                    001160 RLA    addysp1                   00115F RLA    
aslax1                    00116D RLA    aslax2                    001175 RLA    
aslax3                    001180 RLA    axlong                    00118E RLA    
axulong                   001194 RLA    boolult                   0016ED RLA    
callmain                  00119B RLA    ctypemaskdirect           00128B RLA    
decaxy                    0012A5 RLA    decsp2                    0012AE RLA    
decsp3                    0012BB RLA    decsp4                    0012C8 RLA    
decsp6                    0012D5 RLA    donelib                   0011FC RLA    
fdtab                     001EAC RLA    getlop                    001660 RLA    
gotoxy                    0013DD RLA    incsp1                    0013EC RLA    
incsp2                    0013FA RLA    incsp3                    001408 RLA    
incsp4                    00140D RLA    incsp5                    001412 RLA    
incsp6                    001417 RLA    initclock                 0011B2  LAI   
initlib                   001F12 RLA    initstdout                001F39  LAI   
jmpvec                    001EBC RLA    ldax0sp                   00147B RLA    
ldaxysp                   00147D RLA    ldeaxysp                  001486 RLA    
load_jiffy                001BB9 RLA    mul8x16                   0019A9 RLA    
mul8x16a                  0019B3 RLA    negax                     0019E5 RLA    
negeax                    00150C RLA    plot                      001239 RLA    
popa                      001A1A RLA    popax                     0013F3 RLA    
poplsargs                 001548 RLA    popptr1                   001A24 RLA    
popsargsudiv16            001B0E RLA    ptr1                      00002A RLZ    
ptr2                      00002C RLZ    ptr3                      00002E RLZ    
ptr4                      000030 RLZ    push1                     001A65 RLA    
pusha                     001A6E RLA    pusha0                    001A82 RLA    
pushax                    001A84 RLA    pusheax                   001531 RLA    
pushw0sp                  001A9A RLA    pushwysp                  001A9C RLA    
regbank                   000036 RLZ    return0                   001AF0 RLA    
rwcommon                  001AF4 RLA    shrax2                    001B2E RLA    
sp                        000022 RLZ    sreg                      000024 RLZ    
staspidx                  001B39 RLA    stax0sp                   001B4F RLA    
staxysp                   001B51 RLA    steaxspidx                001B5A RLA    
tmp1                      000032 RLZ    tmp2                      000033 RLZ    
tmp3                      000034 RLZ    tmp4                      000035 RLZ    
tosaddax                  001149 RLA    tosaddeax                 001422 RLA    
tosdivax                  0012E4 RLA    tosdiveax                 00149D RLA    
toslcmp                   001440 RLA    tosmoda0                  001951 RLA    
tosmul0ax                 0014B3 RLA    tosora0                   0019F3 RLA    
tossubeax                 00159E RLA    tosudivax                 001BC8 RLA    
tosulteax                 0016C8 RLA    tosumodax                 001C17 RLA    
tosumula0                 0019A7 RLA    tosumulax                 001962 RLA    
tosumuleax                0014B7 RLA    udiv16                    001BD7 RLA    
udiv32                    001683 RLA    zerobss                   001CD8 RLA    



Exports list by value:
----------------------
__DESTRUCTOR_COUNT__      000000 REA    __LOADADDR__              000001 REA    
__STARTUP__               000001 REA    __EXEHDR__                000001 REA    
__CONSTRUCTOR_COUNT__     000002 REA    sp                        000022 RLZ    
sreg                      000024 RLZ    ptr1                      00002A RLZ    
ptr2                      00002C RLZ    ptr3                      00002E RLZ    
ptr4                      000030 RLZ    tmp1                      000032 RLZ    
tmp2                      000033 RLZ    tmp3                      000034 RLZ    
tmp4                      000035 RLZ    regbank                   000036 RLZ    
__BSS_SIZE__              00003E REA    __STACKSIZE__             000800 REA    
__HEADER_LAST__           00080D RLA    __MAIN_START__            00080D RLA    
_main                     00084E RLA    _creature_extract         00093D RLA    
_creature_dump            00094E RLA    _creature_show            0009A6 RLA    
_creature_init            0009F7 RLA    _creature_randomWalk      000A68 RLA    
_map_show_cell            000C54 RLA    _map_show                 000CDA RLA    
___directerrno            000D41 RLA    ___mappederrno            000D4A RLA    
__printf                  000E4A RLA    ___seterrno               0010FA RLA    
__sys                     001103 RLA    tosaddax                  001149 RLA    
addysp1                   00115F RLA    addysp                    001160 RLA    
aslax1                    00116D RLA    aslax2                    001175 RLA    
aslax3                    001180 RLA    axlong                    00118E RLA    
axulong                   001194 RLA    callmain                  00119B RLA    
initclock                 0011B2  LAI   _clock                    0011B9 RLA    
_clrscr                   0011C1 RLA    _textcolor                0011D2 RLA    
donelib                   0011FC RLA    _cputc                    00120D RLA    
plot                      001239 RLA    _cputsxy                  00126A RLA    
ctypemaskdirect           00128B RLA    decaxy                    0012A5 RLA    
decsp2                    0012AE RLA    decsp3                    0012BB RLA    
decsp4                    0012C8 RLA    decsp6                    0012D5 RLA    
tosdivax                  0012E4 RLA    _div                      0012F7 RLA    
_fwrite                   00131A RLA    _clock_gettime            001391 RLA    
gotoxy                    0013DD RLA    _gotoxy                   0013E0 RLA    
incsp1                    0013EC RLA    popax                     0013F3 RLA    
incsp2                    0013FA RLA    incsp3                    001408 RLA    
incsp4                    00140D RLA    incsp5                    001412 RLA    
incsp6                    001417 RLA    tosaddeax                 001422 RLA    
toslcmp                   001440 RLA    ldax0sp                   00147B RLA    
ldaxysp                   00147D RLA    ldeaxysp                  001486 RLA    
tosdiveax                 00149D RLA    tosmul0ax                 0014B3 RLA    
tosumuleax                0014B7 RLA    negeax                    00150C RLA    
pusheax                   001531 RLA    poplsargs                 001548 RLA    
tossubeax                 00159E RLA    _ltoa                     0015D6 RLA    
_ultoa                    001615 RLA    getlop                    001660 RLA    
udiv32                    001683 RLA    tosulteax                 0016C8 RLA    
boolult                   0016ED RLA    _mktime                   001785 RLA    
tosmoda0                  001951 RLA    tosumulax                 001962 RLA    
tosumula0                 0019A7 RLA    mul8x16                   0019A9 RLA    
mul8x16a                  0019B3 RLA    negax                     0019E5 RLA    
tosora0                   0019F3 RLA    ___osmaperrno             001A04 RLA    
popa                      001A1A RLA    popptr1                   001A24 RLA    
_printf                   001A32 RLA    push1                     001A65 RLA    
pusha                     001A6E RLA    pusha0                    001A82 RLA    
pushax                    001A84 RLA    pushw0sp                  001A9A RLA    
pushwysp                  001A9C RLA    _srand                    001AB6 RLA    
_rand                     001AC2 RLA    ___randomize              001AEA RLA    
return0                   001AF0 RLA    rwcommon                  001AF4 RLA    
popsargsudiv16            001B0E RLA    shrax2                    001B2E RLA    
staspidx                  001B39 RLA    stax0sp                   001B4F RLA    
staxysp                   001B51 RLA    steaxspidx                001B5A RLA    
_strlen                   001B7C RLA    _strlower                 001B92 RLA    
load_jiffy                001BB9 RLA    tosudivax                 001BC8 RLA    
udiv16                    001BD7 RLA    tosumodax                 001C17 RLA    
_vfprintf                 001C5D RLA    _write                    001C86 RLA    
zerobss                   001CD8 RLA    __hextab                  001D59 RLA    
__longminstr              001D69 RLA    __ctype                   001D7D RLA    
__ctypeidx                001D88 RLA    __DESTRUCTOR_TABLE__      001E62 RLA    
_stdout                   001E7C RLA    fdtab                     001EAC RLA    
jmpvec                    001EBC RLA    __tz                      001EE7 RLA    
TM                        001EF6 RLA    __BSS_RUN__               001F12 RLA    
__ONCE_RUN__              001F12 RLA    initlib                   001F12 RLA    
___oserror                001F1A RLA    initstdout                001F39  LAI   
___errno                  001F46 RLA    __CONSTRUCTOR_TABLE__     001F4A RLA    
__MAIN_SIZE__             0096F3 REA    __HIMEM__                 009F00 REA    
ENTROPY_GET               00FECF RLA    CLOCK_GET_DATE_TIME       00FF50 RLA    
READST                    00FFB7 RLA    SETLFS                    00FFBA RLA    
OPEN                      00FFC0 RLA    CKOUT                     00FFC9 RLA    
CLRCH                     00FFCC RLA    BSOUT                     00FFD2 RLA    
CHROUT                    00FFD2 RLA    SETTIM                    00FFDB RLA    
RDTIM                     00FFDE RLA    PLOT                      00FFF0 RLA    



Imports list:
-------------
BSOUT (kernal.o):
    write.o                   cbm/cbm.inc:49
CHROUT (kernal.o):
    crt0.o                    cx16/crt0.s:10
    clrscr.o                  cx16/clrscr.s:10
CKOUT (kernal.o):
    write.o                   cbm/cbm.inc:45
CLOCK_GET_DATE_TIME (kernal.o):
    gettime.o                 cx16/gettime.s:12
CLRCH (kernal.o):
    write.o                   cbm/cbm.inc:46
ENTROPY_GET (kernal.o):
    randomize.o               cx16/randomize.s:10
OPEN (kernal.o):
    write.o                   cbm/cbm.inc:35
PLOT (kernal.o):
    cputc.o                   cx16/cputc.s:11
RDTIM (kernal.o):
    clock.o                   cx16/clock.s:11
READST (kernal.o):
    write.o                   cbm/cbm.inc:32
SETLFS (kernal.o):
    write.o                   cbm/cbm.inc:33
SETTIM (kernal.o):
    clock.o                   cx16/clock.s:11
TM (tmcommon.o):
    gettime.o                 cx16/gettime.s:11
__BSS_RUN__ ([linker generated]):
    zerobss.o                 common/zerobss.s:8
__BSS_SIZE__ ([linker generated]):
    zerobss.o                 common/zerobss.s:8
__CONSTRUCTOR_COUNT__ ([linker generated]):
    condes.o                  runtime/condes.s:18
__CONSTRUCTOR_TABLE__ ([linker generated]):
    condes.o                  runtime/condes.s:18
__DESTRUCTOR_COUNT__ ([linker generated]):
    condes.o                  runtime/condes.s:19
__DESTRUCTOR_TABLE__ ([linker generated]):
    condes.o                  runtime/condes.s:19
__EXEHDR__ (exehdr.o):
    [linker generated]        /Volumes/Zort/git/cc65/cfg/cx16.cfg:6
__HEADER_LAST__ ([linker generated]):
    [linker generated]        /Volumes/Zort/git/cc65/cfg/cx16.cfg:14
    [linker generated]        /Volumes/Zort/git/cc65/cfg/cx16.cfg:14
__HIMEM__ ([linker generated]):
    [linker generated]        /Volumes/Zort/git/cc65/cfg/cx16.cfg:15
    [linker generated]        /Volumes/Zort/git/cc65/cfg/cx16.cfg:14
__LOADADDR__ (loadaddr.o):
    [linker generated]        /Volumes/Zort/git/cc65/cfg/cx16.cfg:5
__MAIN_SIZE__ ([linker generated]):
    crt0.o                    cx16/crt0.s:11
__MAIN_START__ ([linker generated]):
    crt0.o                    cx16/crt0.s:11
__ONCE_RUN__ ([linker generated]):
    [linker generated]        /Volumes/Zort/git/cc65/cfg/cx16.cfg:15
    [linker generated]        /Volumes/Zort/git/cc65/cfg/cx16.cfg:15
__STACKSIZE__ ([linker generated]):
    [linker generated]        /Volumes/Zort/git/cc65/cfg/cx16.cfg:15
__STARTUP__ (crt0.o):
    main.o                    main.s:13
___directerrno (_directerrno.o):
    write.o                   /Volumes/Zort/git/cc65/asminc/errno.inc:10
___errno (errno.o):
    _seterrno.o               /Volumes/Zort/git/cc65/asminc/errno.inc:7
___mappederrno (_mappederrno.o):
    write.o                   /Volumes/Zort/git/cc65/asminc/errno.inc:10
___oserror (_oserror.o):
    _mappederrno.o            /Volumes/Zort/git/cc65/asminc/errno.inc:7
    _directerrno.o            /Volumes/Zort/git/cc65/asminc/errno.inc:7
    write.o                   /Volumes/Zort/git/cc65/asminc/errno.inc:7
___osmaperrno (oserror.o):
    _mappederrno.o            /Volumes/Zort/git/cc65/asminc/errno.inc:8
___randomize (randomize.o):
    main.o                    main.s:15
___seterrno (_seterrno.o):
    _mappederrno.o            /Volumes/Zort/git/cc65/asminc/errno.inc:9
    _directerrno.o            /Volumes/Zort/git/cc65/asminc/errno.inc:9
    fwrite.o                  /Volumes/Zort/git/cc65/asminc/errno.inc:9
__ctype (ctype.o):
    ctypemask.o               common/ctypemask.s:23
__ctypeidx (ctype.o):
    ctypemask.o               common/ctypemask.s:24
__hextab (_hextab.o):
    ltoa.o                    common/ltoa.s:10
__longminstr (_longminstr.o):
    ltoa.o                    common/ltoa.s:10
__printf (_printf.o):
    vfprintf.o                common/vfprintf.s:10
__sys (_sys.o):
    main.o                    main.s:14
__tz (timezone.o):
    mktime.o                  common/mktime.s:12
_clock (clock.o):
    timer.o                   timer.s:13
_clock_gettime (gettime.o):
    timer.o                   timer.s:14
_clrscr (clrscr.o):
    map.o                     map.s:13
_cputc (cputc.o):
    cputs.o                   conio/cputs.s:9
    map.o                     map.s:15
    creature.o                creature.s:15
_cputsxy (cputs.o):
    map.o                     map.s:16
_creature_dump (creature.o):
    main.o                    main.s:17
_creature_extract (creature.o):
    main.o                    main.s:16
_creature_init (creature.o):
    main.o                    main.s:19
_creature_randomWalk (creature.o):
    main.o                    main.s:20
_creature_show (creature.o):
    main.o                    main.s:18
_div (divt.o):
    mktime.o                  common/mktime.s:14
_fwrite (fwrite.o):
    vfprintf.o                common/vfprintf.s:10
_gotoxy (gotoxy.o):
    map.o                     map.s:14
    creature.o                creature.s:14
_ltoa (ltoa.o):
    _printf.o                 common/_printf.s:12
_main (main.o):
    callmain.o                runtime/callmain.s:11
_map_show (map.o):
    main.o                    main.s:22
_map_show_cell (map.o):
    main.o                    main.s:21
_mktime (mktime.o):
    gettime.o                 /Volumes/Zort/git/cc65/asminc/time.inc:68
_printf (printf.o):
    system.o                  system.s:13
    test.o                    test.s:13
    creature.o                creature.s:17
_rand (rand.o):
    creature.o                creature.s:13
_srand (rand.o):
    randomize.o               cx16/randomize.s:10
_stdout (_file.o):
    printf.o                  common/printf.s:8
_strlen (strlen.o):
    _printf.o                 common/_printf.s:13
_strlower (strlower.o):
    _printf.o                 common/_printf.s:13
_textcolor (color.o):
    map.o                     map.s:17
    creature.o                creature.s:16
_ultoa (ltoa.o):
    _printf.o                 common/_printf.s:12
_vfprintf (vfprintf.o):
    printf.o                  common/printf.s:8
_write (write.o):
    fwrite.o                  common/fwrite.s:10
addysp (addysp.o):
    fwrite.o                  common/fwrite.s:11
    printf.o                  common/printf.s:8
    incsp6.o                  runtime/incsp6.s:8
    incsp5.o                  runtime/incsp5.s:8
    incsp4.o                  runtime/incsp4.s:8
    incsp3.o                  runtime/incsp3.s:8
addysp1 (addysp.o):
    lsub.o                    runtime/lsub.s:11
    or.o                      runtime/or.s:9
    ludiv.o                   runtime/ludiv.s:9
    lmul.o                    runtime/lmul.s:9
    ladd.o                    runtime/ladd.s:8
aslax1 (aslax1.o):
    creature.o                creature.s:475
aslax2 (aslax2.o):
    creature.o                creature.s:475
aslax3 (aslax3.o):
    creature.o                creature.s:475
axlong (axlong.o):
    _printf.o                 common/_printf.s:11
axulong (axlong.o):
    _printf.o                 common/_printf.s:11
    timer.o                   timer.s:93
boolult (makebool.o):
    lult.o                    runtime/lult.s:8
callmain (callmain.o):
    crt0.o                    cx16/crt0.s:9
ctypemaskdirect (ctypemask.o):
    strlower.o                common/strlower.s:14
decaxy (decaxy.o):
    creature.o                creature.s:475
decsp2 (decsp2.o):
    map.o                     map.s:150
decsp3 (decsp3.o):
    creature.o                creature.s:475
    main.o                    main.s:136
decsp4 (decsp4.o):
    lpush.o                   runtime/lpush.s:12
decsp6 (decsp6.o):
    _printf.o                 common/_printf.s:11
    main.o                    main.s:136
donelib (condes.o):
    crt0.o                    cx16/crt0.s:8
fdtab (filedes.o):
    write.o                   cbm/filedes.inc:7
getlop (ludiv.o):
    lshelp.o                  runtime/lshelp.s:11
gotoxy (gotoxy.o):
    cputs.o                   conio/cputs.s:9
    cputc.o                   cx16/cputc.s:11
incsp1 (incsp1.o):
    gettime.o                 cx16/gettime.s:10
incsp2 (incsp2.o):
    staspidx.o                runtime/staspidx.s:8
    popptr1.o                 runtime/popptr1.s:8
    map.o                     map.s:150
incsp3 (incsp3.o):
    creature.o                creature.s:475
    creature.o                creature.s:475
    creature.o                creature.s:475
    creature.o                creature.s:475
    creature.o                creature.s:475
incsp4 (incsp4.o):
    lcmp.o                    runtime/lcmp.s:9
    DNA.o                     DNA.s:29
    creature.o                creature.s:475
incsp5 (incsp5.o):
    map.o                     map.s:150
incsp6 (incsp6.o):
    fwrite.o                  common/fwrite.s:11
    vfprintf.o                common/vfprintf.s:9
    timer.o                   timer.s:93
    main.o                    main.s:136
initlib (condes.o):
    crt0.o                    cx16/crt0.s:8
jmpvec (jmpvec.o):
    _sys.o                    common/_sys.s:8
ldax0sp (ldaxsp.o):
    creature.o                creature.s:475
    creature.o                creature.s:475
    creature.o                creature.s:475
    creature.o                creature.s:475
    creature.o                creature.s:475
ldaxysp (ldaxsp.o):
    fwrite.o                  common/fwrite.s:11
    creature.o                creature.s:475
    creature.o                creature.s:475
    creature.o                creature.s:475
    creature.o                creature.s:475
    timer.o                   timer.s:93
    main.o                    main.s:136
ldeaxysp (ldeaxysp.o):
    timer.o                   timer.s:93
load_jiffy (tmcommon.o):
    gettime.o                 cx16/gettime.s:11
mul8x16 (mul8.o):
    mul.o                     runtime/mul.s:8
mul8x16a (mul8.o):
    mul.o                     runtime/mul.s:8
negax (negabs.o):
    div.o                     runtime/div.s:11
    divt.o                    common/divt.s:17
    shelp.o                   runtime/shelp.s:11
    mod.o                     runtime/mod.s:11
negeax (lneg.o):
    ltoa.o                    common/ltoa.s:9
    ldiv.o                    runtime/ldiv.s:11
plot (cputc.o):
    gotoxy.o                  cx16/gotoxy.s:9
popa (popa.o):
    gotoxy.o                  cx16/gotoxy.s:9
popax (incsp2.o):
    rwcommon.o                cbm/rwcommon.s:9
    ltoa.o                    common/ltoa.s:9
    _printf.o                 common/_printf.s:11
    shelp.o                   runtime/shelp.s:11
poplsargs (lshelp.o):
    ldiv.o                    runtime/ldiv.s:11
popptr1 (popptr1.o):
    rwcommon.o                cbm/rwcommon.s:9
    ltoa.o                    common/ltoa.s:9
    umod.o                    runtime/umod.s:8
    udiv.o                    runtime/udiv.s:9
    steaxspi.o                runtime/steaxspi.s:9
    mul8.o                    runtime/mul8.s:9
    mul.o                     runtime/mul.s:9
popsargsudiv16 (shelp.o):
    div.o                     runtime/div.s:11
    mod.o                     runtime/mod.s:11
ptr1 (zeropage.o):
    div.o                     runtime/div.s:12
    write.o                   cbm/write.s:11
    strlower.o                common/strlower.s:13
    ltoa.o                    common/ltoa.s:11
    lcmp.o                    runtime/lcmp.s:10
    fwrite.o                  common/fwrite.s:14
    _printf.o                 /Volumes/Zort/git/cc65/asminc/zeropage.inc:12
    zerobss.o                 common/zerobss.s:9
    vfprintf.o                common/vfprintf.s:11
    udiv.o                    runtime/udiv.s:10
    steaxspi.o                runtime/steaxspi.s:10
    staspidx.o                runtime/staspidx.s:9
    shelp.o                   runtime/shelp.s:12
    printf.o                  common/printf.s:9
    popptr1.o                 runtime/popptr1.s:9
    mul8.o                    runtime/mul8.s:10
    mul.o                     runtime/mul.s:10
    ludiv.o                   runtime/ludiv.s:10
    lshelp.o                  runtime/lshelp.s:12
    lmul.o                    runtime/lmul.s:10
    ldiv.o                    runtime/ldiv.s:12
    cputs.o                   conio/cputs.s:10
    _sys.o                    common/_sys.s:9
    map.o                     map.s:11
    creature.o                creature.s:11
    main.o                    main.s:11
ptr2 (zeropage.o):
    rwcommon.o                cbm/rwcommon.s:10
    write.o                   cbm/write.s:11
    strlower.o                common/strlower.s:13
    ltoa.o                    common/ltoa.s:11
    _printf.o                 /Volumes/Zort/git/cc65/asminc/zeropage.inc:12
    mktime.o                  common/mktime.s:15
    ludiv.o                   runtime/ludiv.s:10
ptr3 (zeropage.o):
    rwcommon.o                cbm/rwcommon.s:10
    write.o                   cbm/write.s:11
    ltoa.o                    common/ltoa.s:11
    ludiv.o                   runtime/ludiv.s:10
    lshelp.o                  runtime/lshelp.s:12
    lmul.o                    runtime/lmul.s:10
ptr4 (zeropage.o):
    strlen.o                  common/strlen.s:12
    umod.o                    runtime/umod.s:9
    udiv.o                    runtime/udiv.s:10
    shelp.o                   runtime/shelp.s:12
    mul8.o                    runtime/mul8.s:10
    mul.o                     runtime/mul.s:10
    ludiv.o                   runtime/ludiv.s:10
    lshelp.o                  runtime/lshelp.s:12
    lmul.o                    runtime/lmul.s:10
push1 (push1.o):
    _printf.o                 common/_printf.s:11
    vfprintf.o                common/vfprintf.s:9
pusha (pusha.o):
    map.o                     map.s:150
    map.o                     map.s:150
    creature.o                creature.s:475
    creature.o                creature.s:475
    creature.o                creature.s:475
    creature.o                creature.s:475
    creature.o                creature.s:475
    creature.o                creature.s:475
    timer.o                   timer.s:93
    main.o                    main.s:136
pusha0 (pushax.o):
    push1.o                   runtime/push1.s:8
    fwrite.o                  common/fwrite.s:11
    mktime.o                  common/mktime.s:13
    map.o                     map.s:150
    creature.o                creature.s:475
    creature.o                creature.s:475
    creature.o                creature.s:475
pushax (pushax.o):
    fwrite.o                  common/fwrite.s:11
    callmain.o                runtime/callmain.s:11
    _printf.o                 common/_printf.s:11
    printf.o                  common/printf.s:8
    mktime.o                  common/mktime.s:13
    gettime.o                 cx16/gettime.s:10
    system.o                  system.s:38
    test.o                    test.s:39
    map.o                     map.s:150
    DNA.o                     DNA.s:29
    creature.o                creature.s:475
    creature.o                creature.s:475
    creature.o                creature.s:475
    creature.o                creature.s:475
    creature.o                creature.s:475
    timer.o                   timer.s:93
pusheax (lpush.o):
    _printf.o                 common/_printf.s:11
    mktime.o                  common/mktime.s:13
    gettime.o                 cx16/gettime.s:10
    timer.o                   timer.s:93
    timer.o                   timer.s:93
pushw0sp (pushwsp.o):
    creature.o                creature.s:475
pushwysp (pushwsp.o):
    fwrite.o                  common/fwrite.s:11
    vfprintf.o                common/vfprintf.s:9
    creature.o                creature.s:475
regbank (zeropage.o):
    _printf.o                 /Volumes/Zort/git/cc65/asminc/zeropage.inc:14
return0 (return0.o):
    gettime.o                 cx16/gettime.s:10
rwcommon (rwcommon.o):
    write.o                   cbm/write.s:10
shrax2 (shrax2.o):
    mktime.o                  common/mktime.s:14
sp (zeropage.o):
    lsub.o                    runtime/lsub.s:12
    lcmp.o                    runtime/lcmp.s:10
    decsp4.o                  runtime/decsp4.s:8
    addysp.o                  runtime/addysp.s:8
    _printf.o                 /Volumes/Zort/git/cc65/asminc/zeropage.inc:11
    vfprintf.o                common/vfprintf.s:11
    staxsp.o                  runtime/staxsp.s:8
    staspidx.o                runtime/staspidx.s:9
    pushwsp.o                 runtime/pushwsp.s:8
    pushax.o                  runtime/pushax.s:8
    pusha.o                   runtime/pusha.s:8
    printf.o                  common/printf.s:9
    popptr1.o                 runtime/popptr1.s:9
    popa.o                    runtime/popa.s:8
    or.o                      runtime/or.s:10
    ludiv.o                   runtime/ludiv.s:10
    lpush.o                   runtime/lpush.s:13
    lmul.o                    runtime/lmul.s:10
    ldeaxysp.o                runtime/ldeaxysp.s:12
    ldaxsp.o                  runtime/ldaxsp.s:8
    ladd.o                    runtime/ladd.s:9
    incsp2.o                  runtime/incsp2.s:8
    incsp1.o                  runtime/incsp1.s:8
    decsp6.o                  runtime/decsp6.s:8
    decsp3.o                  runtime/decsp3.s:8
    decsp2.o                  runtime/decsp2.s:8
    crt0.o                    /Volumes/Zort/git/cc65/asminc/zeropage.inc:11
    add.o                     runtime/add.s:12
    map.o                     map.s:10
    creature.o                creature.s:10
    main.o                    main.s:10
sreg (zeropage.o):
    ltoa.o                    common/ltoa.s:11
    lsub.o                    runtime/lsub.s:12
    lcmp.o                    runtime/lcmp.s:10
    divt.o                    common/divt.s:18
    _printf.o                 /Volumes/Zort/git/cc65/asminc/zeropage.inc:11
    umod.o                    runtime/umod.s:9
    udiv.o                    runtime/udiv.s:10
    tmcommon.o                cx16/tmcommon.s:9
    steaxspi.o                runtime/steaxspi.s:10
    mod.o                     runtime/mod.s:12
    mktime.o                  common/mktime.s:15
    ludiv.o                   runtime/ludiv.s:10
    lshelp.o                  runtime/lshelp.s:12
    lpush.o                   runtime/lpush.s:13
    lneg.o                    runtime/lneg.s:11
    lmul.o                    runtime/lmul.s:10
    ldiv.o                    runtime/ldiv.s:12
    ldeaxysp.o                runtime/ldeaxysp.s:12
    ladd.o                    runtime/ladd.s:9
    clock.o                   cx16/clock.s:12
    axlong.o                  runtime/axlong.s:9
    creature.o                creature.s:10
    timer.o                   timer.s:10
staspidx (staspidx.o):
    creature.o                creature.s:475
    creature.o                creature.s:475
stax0sp (staxsp.o):
    creature.o                creature.s:475
    main.o                    main.s:136
staxysp (staxsp.o):
    main.o                    main.s:136
steaxspidx (steaxspi.o):
    gettime.o                 cx16/gettime.s:10
tmp1 (zeropage.o):
    div.o                     runtime/div.s:12
    ltoa.o                    common/ltoa.s:11
    divt.o                    common/divt.s:18
    _printf.o                 /Volumes/Zort/git/cc65/asminc/zeropage.inc:13
    steaxspi.o                runtime/steaxspi.s:10
    staspidx.o                runtime/staspidx.s:9
    shrax2.o                  runtime/shrax2.s:8
    shelp.o                   runtime/shelp.s:12
    or.o                      runtime/or.s:10
    mul.o                     runtime/mul.s:10
    mod.o                     runtime/mod.s:12
    lshelp.o                  runtime/lshelp.s:12
    ldiv.o                    runtime/ldiv.s:12
    ladd.o                    runtime/ladd.s:9
    decaxy.o                  runtime/decaxy.s:8
    color.o                   cx16/color.s:11
    aslax3.o                  runtime/aslax3.s:8
    aslax2.o                  runtime/aslax2.s:8
    aslax1.o                  runtime/aslax1.s:8
tmp2 (zeropage.o):
    rwcommon.o                cbm/rwcommon.s:10
    div.o                     runtime/div.s:12
    steaxspi.o                runtime/steaxspi.s:10
    shelp.o                   runtime/shelp.s:12
    lshelp.o                  runtime/lshelp.s:12
    lmul.o                    runtime/lmul.s:10
    ldiv.o                    runtime/ldiv.s:12
tmp3 (zeropage.o):
    steaxspi.o                runtime/steaxspi.s:10
    mktime.o                  common/mktime.s:15
    ludiv.o                   runtime/ludiv.s:10
    lmul.o                    runtime/lmul.s:10
tmp4 (zeropage.o):
    ludiv.o                   runtime/ludiv.s:10
    lmul.o                    runtime/lmul.s:10
tosaddax (add.o):
    map.o                     map.s:150
tosaddeax (ladd.o):
    mktime.o                  common/mktime.s:14
    timer.o                   timer.s:93
tosdivax (div.o):
    divt.o                    common/divt.s:17
tosdiveax (ldiv.o):
    timer.o                   timer.s:93
toslcmp (lcmp.o):
    lult.o                    runtime/lult.s:8
tosmoda0 (mod.o):
    creature.o                creature.s:475
    creature.o                creature.s:475
tosmul0ax (lmul.o):
    gettime.o                 cx16/gettime.s:10
tosora0 (or.o):
    creature.o                creature.s:475
    creature.o                creature.s:475
tossubeax (lsub.o):
    mktime.o                  common/mktime.s:14
tosudivax (udiv.o):
    fwrite.o                  common/fwrite.s:12
tosulteax (lult.o):
    timer.o                   timer.s:93
tosumodax (umod.o):
    mktime.o                  common/mktime.s:14
tosumula0 (mul8.o):
    map.o                     map.s:150
tosumulax (mul.o):
    fwrite.o                  common/fwrite.s:12
    mktime.o                  common/mktime.s:14
tosumuleax (lmul.o):
    mktime.o                  common/mktime.s:14
udiv16 (udiv.o):
    umod.o                    runtime/umod.s:8
    shelp.o                   runtime/shelp.s:11
udiv32 (ludiv.o):
    ldiv.o                    runtime/ldiv.s:11
zerobss (zerobss.o):
    crt0.o                    cx16/crt0.s:9

