Modules list:
-------------
main.o:
    CODE              Offs=000000  Size=000105  Align=00001  Fill=0000
    RODATA            Offs=000000  Size=000013  Align=00001  Fill=0000
biochem.o:
    CODE              Offs=000105  Size=0003D0  Align=00001  Fill=0000
    RODATA            Offs=000013  Size=00006A  Align=00001  Fill=0000
    DATA              Offs=000000  Size=000058  Align=00001  Fill=0000
creature.o:
    CODE              Offs=0004D5  Size=00044D  Align=00001  Fill=0000
    RODATA            Offs=00007D  Size=000073  Align=00001  Fill=0000
map.o:
    CODE              Offs=000922  Size=0000D5  Align=00001  Fill=0000
    RODATA            Offs=0000F0  Size=00000E  Align=00001  Fill=0000
system.o:
    CODE              Offs=0009F7  Size=00000C  Align=00001  Fill=0000
    RODATA            Offs=0000FE  Size=000002  Align=00001  Fill=0000
test.o:
    CODE              Offs=000A03  Size=00000C  Align=00001  Fill=0000
    RODATA            Offs=000100  Size=00001E  Align=00001  Fill=0000
timer.o:
    CODE              Offs=000A0F  Size=000074  Align=00001  Fill=0000
    BSS               Offs=000000  Size=000008  Align=00001  Fill=0000
/Volumes/Zort/git/cc65/lib/cx16.lib(_directerrno.o):
    CODE              Offs=000A83  Size=000009  Align=00001  Fill=0000
/Volumes/Zort/git/cc65/lib/cx16.lib(_file.o):
    DATA              Offs=000058  Size=00001E  Align=00001  Fill=0000
/Volumes/Zort/git/cc65/lib/cx16.lib(_hextab.o):
    RODATA            Offs=00011E  Size=000010  Align=00001  Fill=0000
/Volumes/Zort/git/cc65/lib/cx16.lib(_longminstr.o):
    RODATA            Offs=00012E  Size=00000C  Align=00001  Fill=0000
/Volumes/Zort/git/cc65/lib/cx16.lib(_mappederrno.o):
    CODE              Offs=000A8C  Size=00000F  Align=00001  Fill=0000
/Volumes/Zort/git/cc65/lib/cx16.lib(_oserror.o):
    BSS               Offs=000008  Size=000001  Align=00001  Fill=0000
/Volumes/Zort/git/cc65/lib/cx16.lib(_printf.o):
    CODE              Offs=000A9B  Size=0003A1  Align=00001  Fill=0000
    BSS               Offs=000009  Size=00002B  Align=00001  Fill=0000
    DATA              Offs=000076  Size=000003  Align=00001  Fill=0000
/Volumes/Zort/git/cc65/lib/cx16.lib(_seterrno.o):
    CODE              Offs=000E3C  Size=000009  Align=00001  Fill=0000
/Volumes/Zort/git/cc65/lib/cx16.lib(_sys.o):
    CODE              Offs=000E45  Size=000044  Align=00001  Fill=0000
/Volumes/Zort/git/cc65/lib/cx16.lib(add.o):
    CODE              Offs=000E89  Size=000018  Align=00001  Fill=0000
/Volumes/Zort/git/cc65/lib/cx16.lib(addeqsp.o):
    CODE              Offs=000EA1  Size=000011  Align=00001  Fill=0000
/Volumes/Zort/git/cc65/lib/cx16.lib(addysp.o):
    CODE              Offs=000EB2  Size=00000E  Align=00001  Fill=0000
/Volumes/Zort/git/cc65/lib/cx16.lib(aslax1.o):
    CODE              Offs=000EC0  Size=000008  Align=00001  Fill=0000
/Volumes/Zort/git/cc65/lib/cx16.lib(aslax2.o):
    CODE              Offs=000EC8  Size=00000B  Align=00001  Fill=0000
/Volumes/Zort/git/cc65/lib/cx16.lib(aslax3.o):
    CODE              Offs=000ED3  Size=00000E  Align=00001  Fill=0000
/Volumes/Zort/git/cc65/lib/cx16.lib(axlong.o):
    CODE              Offs=000EE1  Size=00000D  Align=00001  Fill=0000
/Volumes/Zort/git/cc65/lib/cx16.lib(callmain.o):
    CODE              Offs=000EEE  Size=000017  Align=00001  Fill=0000
    DATA              Offs=000079  Size=000004  Align=00001  Fill=0000
/Volumes/Zort/git/cc65/lib/cx16.lib(clock.o):
    CODE              Offs=000F05  Size=00000F  Align=00001  Fill=0000
/Volumes/Zort/git/cc65/lib/cx16.lib(clrscr.o):
    CODE              Offs=000F14  Size=000011  Align=00001  Fill=0000
/Volumes/Zort/git/cc65/lib/cx16.lib(color.o):
    CODE              Offs=000F25  Size=00002A  Align=00001  Fill=0000
/Volumes/Zort/git/cc65/lib/cx16.lib(condes.o):
    CODE              Offs=000F4F  Size=00000C  Align=00001  Fill=0000
    DATA              Offs=00007D  Size=000025  Align=00001  Fill=0000
    ONCE              Offs=000000  Size=00000C  Align=00001  Fill=0000
/Volumes/Zort/git/cc65/lib/cx16.lib(cprintf.o):
    CODE              Offs=000F5B  Size=00002A  Align=00001  Fill=0000
    BSS               Offs=000034  Size=000001  Align=00001  Fill=0000
/Volumes/Zort/git/cc65/lib/cx16.lib(cputc.o):
    CODE              Offs=000F85  Size=000062  Align=00001  Fill=0000
    RODATA            Offs=00013A  Size=000008  Align=00001  Fill=0000
/Volumes/Zort/git/cc65/lib/cx16.lib(cputs.o):
    CODE              Offs=000FE7  Size=00001D  Align=00001  Fill=0000
/Volumes/Zort/git/cc65/lib/cx16.lib(crt0.o):
    STARTUP           Offs=000000  Size=000021  Align=00001  Fill=0000
    ONCE              Offs=00000C  Size=00001B  Align=00001  Fill=0000
    INIT              Offs=000000  Size=000002  Align=00001  Fill=0000
/Volumes/Zort/git/cc65/lib/cx16.lib(ctype.o):
    RODATA            Offs=000142  Size=00008B  Align=00001  Fill=0000
/Volumes/Zort/git/cc65/lib/cx16.lib(ctypemask.o):
    CODE              Offs=001004  Size=00001E  Align=00001  Fill=0000
/Volumes/Zort/git/cc65/lib/cx16.lib(decsp1.o):
    CODE              Offs=001022  Size=000009  Align=00001  Fill=0000
/Volumes/Zort/git/cc65/lib/cx16.lib(decsp2.o):
    CODE              Offs=00102B  Size=00000D  Align=00001  Fill=0000
/Volumes/Zort/git/cc65/lib/cx16.lib(decsp3.o):
    CODE              Offs=001038  Size=00000D  Align=00001  Fill=0000
/Volumes/Zort/git/cc65/lib/cx16.lib(decsp4.o):
    CODE              Offs=001045  Size=00000D  Align=00001  Fill=0000
/Volumes/Zort/git/cc65/lib/cx16.lib(decsp6.o):
    CODE              Offs=001052  Size=00000D  Align=00001  Fill=0000
/Volumes/Zort/git/cc65/lib/cx16.lib(div.o):
    CODE              Offs=00105F  Size=000015  Align=00001  Fill=0000
/Volumes/Zort/git/cc65/lib/cx16.lib(divt.o):
    CODE              Offs=001074  Size=000015  Align=00001  Fill=0000
/Volumes/Zort/git/cc65/lib/cx16.lib(errno.o):
    BSS               Offs=000035  Size=000002  Align=00001  Fill=0000
/Volumes/Zort/git/cc65/lib/cx16.lib(exehdr.o):
    EXEHDR            Offs=000000  Size=00000C  Align=00001  Fill=0000
/Volumes/Zort/git/cc65/lib/cx16.lib(filedes.o):
    CODE              Offs=001089  Size=00000E  Align=00001  Fill=0000
    DATA              Offs=0000A2  Size=000010  Align=00001  Fill=0000
/Volumes/Zort/git/cc65/lib/cx16.lib(fwrite.o):
    CODE              Offs=001097  Size=000077  Align=00001  Fill=0000
    BSS               Offs=000037  Size=000002  Align=00001  Fill=0000
/Volumes/Zort/git/cc65/lib/cx16.lib(gettime.o):
    CODE              Offs=00110E  Size=00004C  Align=00001  Fill=0000
/Volumes/Zort/git/cc65/lib/cx16.lib(gotoxy.o):
    CODE              Offs=00115A  Size=00000F  Align=00001  Fill=0000
/Volumes/Zort/git/cc65/lib/cx16.lib(incax7.o):
    CODE              Offs=001169  Size=000005  Align=00001  Fill=0000
/Volumes/Zort/git/cc65/lib/cx16.lib(incax8.o):
    CODE              Offs=00116E  Size=000005  Align=00001  Fill=0000
/Volumes/Zort/git/cc65/lib/cx16.lib(incaxy.o):
    CODE              Offs=001173  Size=00000B  Align=00001  Fill=0000
/Volumes/Zort/git/cc65/lib/cx16.lib(incsp1.o):
    CODE              Offs=00117E  Size=000007  Align=00001  Fill=0000
/Volumes/Zort/git/cc65/lib/cx16.lib(incsp2.o):
    CODE              Offs=001185  Size=000015  Align=00001  Fill=0000
/Volumes/Zort/git/cc65/lib/cx16.lib(incsp3.o):
    CODE              Offs=00119A  Size=000005  Align=00001  Fill=0000
/Volumes/Zort/git/cc65/lib/cx16.lib(incsp4.o):
    CODE              Offs=00119F  Size=000005  Align=00001  Fill=0000
/Volumes/Zort/git/cc65/lib/cx16.lib(incsp5.o):
    CODE              Offs=0011A4  Size=000005  Align=00001  Fill=0000
/Volumes/Zort/git/cc65/lib/cx16.lib(incsp6.o):
    CODE              Offs=0011A9  Size=000005  Align=00001  Fill=0000
/Volumes/Zort/git/cc65/lib/cx16.lib(jmpvec.o):
    DATA              Offs=0000B2  Size=000003  Align=00001  Fill=0000
/Volumes/Zort/git/cc65/lib/cx16.lib(kbhit.o):
    CODE              Offs=0011AE  Size=000005  Align=00001  Fill=0000
/Volumes/Zort/git/cc65/lib/cx16.lib(kernal.o):
/Volumes/Zort/git/cc65/lib/cx16.lib(ladd.o):
    CODE              Offs=0011B3  Size=000024  Align=00001  Fill=0000
/Volumes/Zort/git/cc65/lib/cx16.lib(lcmp.o):
    CODE              Offs=0011D7  Size=00003B  Align=00001  Fill=0000
/Volumes/Zort/git/cc65/lib/cx16.lib(ldaxsp.o):
    CODE              Offs=001212  Size=000009  Align=00001  Fill=0000
/Volumes/Zort/git/cc65/lib/cx16.lib(ldeaxysp.o):
    CODE              Offs=00121B  Size=000013  Align=00001  Fill=0000
/Volumes/Zort/git/cc65/lib/cx16.lib(ldiv.o):
    CODE              Offs=00122E  Size=00001C  Align=00001  Fill=0000
/Volumes/Zort/git/cc65/lib/cx16.lib(lmul.o):
    CODE              Offs=00124A  Size=000059  Align=00001  Fill=0000
/Volumes/Zort/git/cc65/lib/cx16.lib(lneg.o):
    CODE              Offs=0012A3  Size=00001E  Align=00001  Fill=0000
/Volumes/Zort/git/cc65/lib/cx16.lib(loadaddr.o):
    LOADADDR          Offs=000000  Size=000002  Align=00001  Fill=0000
/Volumes/Zort/git/cc65/lib/cx16.lib(lpush.o):
    CODE              Offs=0012C1  Size=00001E  Align=00001  Fill=0000
/Volumes/Zort/git/cc65/lib/cx16.lib(lshelp.o):
    CODE              Offs=0012DF  Size=000052  Align=00001  Fill=0000
/Volumes/Zort/git/cc65/lib/cx16.lib(lsub.o):
    CODE              Offs=001331  Size=000024  Align=00001  Fill=0000
/Volumes/Zort/git/cc65/lib/cx16.lib(ltoa.o):
    CODE              Offs=001355  Size=000093  Align=00001  Fill=0000
/Volumes/Zort/git/cc65/lib/cx16.lib(ludiv.o):
    CODE              Offs=0013E8  Size=000077  Align=00001  Fill=0000
/Volumes/Zort/git/cc65/lib/cx16.lib(lult.o):
    CODE              Offs=00145F  Size=000006  Align=00001  Fill=0000
/Volumes/Zort/git/cc65/lib/cx16.lib(makebool.o):
    CODE              Offs=001465  Size=00002C  Align=00001  Fill=0000
/Volumes/Zort/git/cc65/lib/cx16.lib(memset.o):
    CODE              Offs=001491  Size=00005D  Align=00001  Fill=0000
/Volumes/Zort/git/cc65/lib/cx16.lib(mktime.o):
    CODE              Offs=0014EE  Size=000257  Align=00001  Fill=0000
    BSS               Offs=000039  Size=000005  Align=00001  Fill=0000
    DATA              Offs=0000B5  Size=000024  Align=00001  Fill=0000
/Volumes/Zort/git/cc65/lib/cx16.lib(mod.o):
    CODE              Offs=001745  Size=000011  Align=00001  Fill=0000
/Volumes/Zort/git/cc65/lib/cx16.lib(mul.o):
    CODE              Offs=001756  Size=000045  Align=00001  Fill=0000
/Volumes/Zort/git/cc65/lib/cx16.lib(mul8.o):
    CODE              Offs=00179B  Size=00003A  Align=00001  Fill=0000
/Volumes/Zort/git/cc65/lib/cx16.lib(negabs.o):
    CODE              Offs=0017D5  Size=000012  Align=00001  Fill=0000
/Volumes/Zort/git/cc65/lib/cx16.lib(or.o):
    CODE              Offs=0017E7  Size=000011  Align=00001  Fill=0000
/Volumes/Zort/git/cc65/lib/cx16.lib(oserror.o):
    CODE              Offs=0017F8  Size=000016  Align=00001  Fill=0000
    RODATA            Offs=0001CD  Size=00005A  Align=00001  Fill=0000
/Volumes/Zort/git/cc65/lib/cx16.lib(popa.o):
    CODE              Offs=00180E  Size=00000A  Align=00001  Fill=0000
/Volumes/Zort/git/cc65/lib/cx16.lib(popptr1.o):
    CODE              Offs=001818  Size=00000E  Align=00001  Fill=0000
/Volumes/Zort/git/cc65/lib/cx16.lib(printf.o):
    CODE              Offs=001826  Size=000033  Align=00001  Fill=0000
    BSS               Offs=00003E  Size=000001  Align=00001  Fill=0000
/Volumes/Zort/git/cc65/lib/cx16.lib(push1.o):
    CODE              Offs=001859  Size=000005  Align=00001  Fill=0000
/Volumes/Zort/git/cc65/lib/cx16.lib(pusha.o):
    CODE              Offs=00185E  Size=000016  Align=00001  Fill=0000
/Volumes/Zort/git/cc65/lib/cx16.lib(pushax.o):
    CODE              Offs=001874  Size=00001A  Align=00001  Fill=0000
/Volumes/Zort/git/cc65/lib/cx16.lib(pushw.o):
    CODE              Offs=00188E  Size=00000F  Align=00001  Fill=0000
/Volumes/Zort/git/cc65/lib/cx16.lib(pushwsp.o):
    CODE              Offs=00189D  Size=00001C  Align=00001  Fill=0000
/Volumes/Zort/git/cc65/lib/cx16.lib(rand.o):
    CODE              Offs=0018B9  Size=000034  Align=00001  Fill=0000
    DATA              Offs=0000D9  Size=000004  Align=00001  Fill=0000
/Volumes/Zort/git/cc65/lib/cx16.lib(randomize.o):
    CODE              Offs=0018ED  Size=000006  Align=00001  Fill=0000
/Volumes/Zort/git/cc65/lib/cx16.lib(return0.o):
    CODE              Offs=0018F3  Size=000004  Align=00001  Fill=0000
/Volumes/Zort/git/cc65/lib/cx16.lib(rwcommon.o):
    CODE              Offs=0018F7  Size=00001A  Align=00001  Fill=0000
/Volumes/Zort/git/cc65/lib/cx16.lib(shelp.o):
    CODE              Offs=001911  Size=000020  Align=00001  Fill=0000
/Volumes/Zort/git/cc65/lib/cx16.lib(shrax2.o):
    CODE              Offs=001931  Size=00000B  Align=00001  Fill=0000
/Volumes/Zort/git/cc65/lib/cx16.lib(staspidx.o):
    CODE              Offs=00193C  Size=000016  Align=00001  Fill=0000
/Volumes/Zort/git/cc65/lib/cx16.lib(staxsp.o):
    CODE              Offs=001952  Size=00000B  Align=00001  Fill=0000
/Volumes/Zort/git/cc65/lib/cx16.lib(steaxspi.o):
    CODE              Offs=00195D  Size=000022  Align=00001  Fill=0000
/Volumes/Zort/git/cc65/lib/cx16.lib(strlen.o):
    CODE              Offs=00197F  Size=000016  Align=00001  Fill=0000
/Volumes/Zort/git/cc65/lib/cx16.lib(strlower.o):
    CODE              Offs=001995  Size=000027  Align=00001  Fill=0000
/Volumes/Zort/git/cc65/lib/cx16.lib(sub.o):
    CODE              Offs=0019BC  Size=000014  Align=00001  Fill=0000
/Volumes/Zort/git/cc65/lib/cx16.lib(timezone.o):
    DATA              Offs=0000DD  Size=00000F  Align=00001  Fill=0000
/Volumes/Zort/git/cc65/lib/cx16.lib(tmcommon.o):
    CODE              Offs=0019D0  Size=00000D  Align=00001  Fill=0000
    DATA              Offs=0000EC  Size=000012  Align=00001  Fill=0000
/Volumes/Zort/git/cc65/lib/cx16.lib(udiv.o):
    CODE              Offs=0019DD  Size=00004F  Align=00001  Fill=0000
/Volumes/Zort/git/cc65/lib/cx16.lib(umod.o):
    CODE              Offs=001A2C  Size=000011  Align=00001  Fill=0000
/Volumes/Zort/git/cc65/lib/cx16.lib(vcprintf.o):
    CODE              Offs=001A3D  Size=000074  Align=00001  Fill=0000
    DATA              Offs=0000FE  Size=000008  Align=00001  Fill=0000
/Volumes/Zort/git/cc65/lib/cx16.lib(vfprintf.o):
    CODE              Offs=001AB1  Size=000060  Align=00001  Fill=0000
    DATA              Offs=000106  Size=000008  Align=00001  Fill=0000
/Volumes/Zort/git/cc65/lib/cx16.lib(write.o):
    CODE              Offs=001B11  Size=000052  Align=00001  Fill=0000
    ONCE              Offs=000027  Size=000011  Align=00001  Fill=0000
/Volumes/Zort/git/cc65/lib/cx16.lib(zerobss.o):
    CODE              Offs=001B63  Size=000023  Align=00001  Fill=0000
/Volumes/Zort/git/cc65/lib/cx16.lib(zeropage.o):
    ZEROPAGE          Offs=000000  Size=00001A  Align=00001  Fill=0000


Segment list:
-------------
Name                   Start     End    Size  Align
----------------------------------------------------
ZEROPAGE              000022  00003B  00001A  00001
LOADADDR              0007FF  000800  000002  00001
EXEHDR                000801  00080C  00000C  00001
STARTUP               00080D  00082D  000021  00001
CODE                  00082E  0023B3  001B86  00001
RODATA                0023B4  0025DA  000227  00001
DATA                  0025DB  0026E8  00010E  00001
INIT                  0026E9  0026EA  000002  00001
BSS                   0026EB  002729  00003F  00001
ONCE                  0026EB  002726  00003C  00001


Exports list by name:
---------------------
BSOUT                     00FFD2 RLA    CHROUT                    00FFD2 RLA    
CKOUT                     00FFC9 RLA    CLOCK_GET_DATE_TIME       00FF50 RLA    
CLRCH                     00FFCC RLA    ENTROPY_GET               00FECF RLA    
KBDBUF_PEEK               00FEBD RLA    OPEN                      00FFC0 RLA    
PLOT                      00FFF0 RLA    RDTIM                     00FFDE RLA    
READST                    00FFB7 RLA    SETLFS                    00FFBA RLA    
SETTIM                    00FFDB RLA    TM                        0026C7 RLA    
__BSS_RUN__               0026EB RLA    __BSS_SIZE__              00003F REA    
__CONSTRUCTOR_COUNT__     000002 REA    __CONSTRUCTOR_TABLE__     002723 RLA    
__DESTRUCTOR_COUNT__      000000 REA    __DESTRUCTOR_TABLE__      0025DB RLA    
__EXEHDR__                000001 REA    __HEADER_LAST__           00080D RLA    
__HIMEM__                 009F00 REA    __LOADADDR__              000001 REA    
__MAIN_SIZE__             0096F3 REA    __MAIN_START__            00080D RLA    
__ONCE_RUN__              0026EB RLA    __STACKSIZE__             000800 REA    
__STARTUP__               000001 REA    ___bzero                  001CBF RLA    
___directerrno            0012B1 RLA    ___errno                  002720 RLA    
___mappederrno            0012BA RLA    ___oserror                0026F3 RLA    
___osmaperrno             002026 RLA    ___randomize              00211B RLA    
___seterrno               00166A RLA    __ctype                   0024F6 RLA    
__ctypeidx                002501 RLA    __hextab                  0024D2 RLA    
__longminstr              0024E2 RLA    __printf                  0013BA RLA    
__sys                     001673 RLA    __tz                      0026B8 RLA    
_biochem_apply            0009F0 RLA    _biochem_consume_energy   000A5A RLA    
_biochem_init             000933 RLA    _clock                    00173A RLA    
_clock_gettime            00193C RLA    _clrscr                   001742 RLA    
_cprintf                  001789 RLA    _cputc                    0017B8 RLA    
_cputsxy                  001815 RLA    _creature_debug           000FC4 RLA    
_creature_extract         000D28 RLA    _creature_go              000E59 RLA    
_creature_init            000DE2 RLA    _creature_memwipe         000D03 RLA    
_creature_show            000D91 RLA    _div                      0018A2 RLA    
_exit                     00081A RLA    _fwrite                   0018C5 RLA    
_gotoxy                   00198B RLA    _kbhit                    0019DC RLA    
_ltoa                     001B9B RLA    _main                     0008BF RLA    
_map_show                 0011D6 RLA    _map_show_cell            001150 RLA    
_mktime                   001DA7 RLA    _printf                   002054 RLA    
_rand                     0020F3 RLA    _srand                    0020E7 RLA    
_stdout                   00264D RLA    _strlen                   0021AD RLA    
_strlower                 0021C3 RLA    _textcolor                001753 RLA    
_timer_pause              00123D RLA    _ultoa                    001BDA RLA    
_vcprintf                 0022AF RLA    _vfprintf                 002316 RLA    
_write                    00233F RLA    addeq0sp                  0016CF RLA    
addysp                    0016E1 RLA    addysp1                   0016E0 RLA    
aslax1                    0016EE RLA    aslax2                    0016F6 RLA    
aslax3                    001701 RLA    axlong                    00170F RLA    
axulong                   001715 RLA    boolult                   001CB2 RLA    
callmain                  00171C RLA    ctypemaskdirect           001836 RLA    
decsp1                    001850 RLA    decsp2                    001859 RLA    
decsp3                    001866 RLA    decsp4                    001873 RLA    
decsp6                    001880 RLA    donelib                   00177D RLA    
fdtab                     00267D RLA    getlop                    001C25 RLA    
gotoxy                    001988 RLA    incax7                    001997 RLA    
incax8                    00199C RLA    incaxy                    0019A3 RLA    
incsp1                    0019AC RLA    incsp2                    0019BA RLA    
incsp3                    0019C8 RLA    incsp4                    0019CD RLA    
incsp5                    0019D2 RLA    incsp6                    0019D7 RLA    
initclock                 001733  LAI   initlib                   0026EB RLA    
initstdout                002712  LAI   jmpvec                    00268D RLA    
ldax0sp                   001A40 RLA    ldaxysp                   001A42 RLA    
ldeaxysp                  001A4B RLA    load_jiffy                0021FE RLA    
mul8x16                   001FCB RLA    mul8x16a                  001FD5 RLA    
negax                     002007 RLA    negeax                    001AD1 RLA    
plot                      0017E4 RLA    popa                      00203C RLA    
popax                     0019B3 RLA    poplsargs                 001B0D RLA    
popptr1                   002046 RLA    popsargsudiv16            00213F RLA    
ptr1                      00002A RLZ    ptr2                      00002C RLZ    
ptr3                      00002E RLZ    ptr4                      000030 RLZ    
push1                     002087 RLA    pusha                     002090 RLA    
pusha0                    0020A4 RLA    pushax                    0020A6 RLA    
pusheax                   001AF6 RLA    pushw                     0020BC RLA    
pushw0sp                  0020CB RLA    pushwysp                  0020CD RLA    
regbank                   000036 RLZ    return0                   002121 RLA    
rwcommon                  002125 RLA    shrax2                    00215F RLA    
sp                        000022 RLZ    sreg                      000024 RLZ    
staspidx                  00216A RLA    stax0sp                   002180 RLA    
staxysp                   002182 RLA    steaxspidx                00218B RLA    
tmp1                      000032 RLZ    tmp2                      000033 RLZ    
tmp3                      000034 RLZ    tmp4                      000035 RLZ    
tosaddax                  0016B9 RLA    tosaddeax                 0019E7 RLA    
tosdivax                  00188F RLA    tosdiveax                 001A62 RLA    
toslcmp                   001A05 RLA    tosmoda0                  001F73 RLA    
tosmul0ax                 001A78 RLA    tosora0                   002015 RLA    
tossuba0                  0021EA RLA    tossubeax                 001B63 RLA    
tosudivax                 00220D RLA    tosulteax                 001C8D RLA    
tosumodax                 00225C RLA    tosumula0                 001FC9 RLA    
tosumulax                 001F84 RLA    tosumuleax                001A7C RLA    
udiv16                    00221C RLA    udiv32                    001C48 RLA    
zerobss                   002391 RLA    


Exports list by value:
----------------------
__DESTRUCTOR_COUNT__      000000 REA    __EXEHDR__                000001 REA    
__LOADADDR__              000001 REA    __STARTUP__               000001 REA    
__CONSTRUCTOR_COUNT__     000002 REA    sp                        000022 RLZ    
sreg                      000024 RLZ    ptr1                      00002A RLZ    
ptr2                      00002C RLZ    ptr3                      00002E RLZ    
ptr4                      000030 RLZ    tmp1                      000032 RLZ    
tmp2                      000033 RLZ    tmp3                      000034 RLZ    
tmp4                      000035 RLZ    regbank                   000036 RLZ    
__BSS_SIZE__              00003F REA    __STACKSIZE__             000800 REA    
__MAIN_START__            00080D RLA    __HEADER_LAST__           00080D RLA    
_exit                     00081A RLA    _main                     0008BF RLA    
_biochem_init             000933 RLA    _biochem_apply            0009F0 RLA    
_biochem_consume_energy   000A5A RLA    _creature_memwipe         000D03 RLA    
_creature_extract         000D28 RLA    _creature_show            000D91 RLA    
_creature_init            000DE2 RLA    _creature_go              000E59 RLA    
_creature_debug           000FC4 RLA    _map_show_cell            001150 RLA    
_map_show                 0011D6 RLA    _timer_pause              00123D RLA    
___directerrno            0012B1 RLA    ___mappederrno            0012BA RLA    
__printf                  0013BA RLA    ___seterrno               00166A RLA    
__sys                     001673 RLA    tosaddax                  0016B9 RLA    
addeq0sp                  0016CF RLA    addysp1                   0016E0 RLA    
addysp                    0016E1 RLA    aslax1                    0016EE RLA    
aslax2                    0016F6 RLA    aslax3                    001701 RLA    
axlong                    00170F RLA    axulong                   001715 RLA    
callmain                  00171C RLA    initclock                 001733  LAI   
_clock                    00173A RLA    _clrscr                   001742 RLA    
_textcolor                001753 RLA    donelib                   00177D RLA    
_cprintf                  001789 RLA    _cputc                    0017B8 RLA    
plot                      0017E4 RLA    _cputsxy                  001815 RLA    
ctypemaskdirect           001836 RLA    decsp1                    001850 RLA    
decsp2                    001859 RLA    decsp3                    001866 RLA    
decsp4                    001873 RLA    decsp6                    001880 RLA    
tosdivax                  00188F RLA    _div                      0018A2 RLA    
_fwrite                   0018C5 RLA    _clock_gettime            00193C RLA    
gotoxy                    001988 RLA    _gotoxy                   00198B RLA    
incax7                    001997 RLA    incax8                    00199C RLA    
incaxy                    0019A3 RLA    incsp1                    0019AC RLA    
popax                     0019B3 RLA    incsp2                    0019BA RLA    
incsp3                    0019C8 RLA    incsp4                    0019CD RLA    
incsp5                    0019D2 RLA    incsp6                    0019D7 RLA    
_kbhit                    0019DC RLA    tosaddeax                 0019E7 RLA    
toslcmp                   001A05 RLA    ldax0sp                   001A40 RLA    
ldaxysp                   001A42 RLA    ldeaxysp                  001A4B RLA    
tosdiveax                 001A62 RLA    tosmul0ax                 001A78 RLA    
tosumuleax                001A7C RLA    negeax                    001AD1 RLA    
pusheax                   001AF6 RLA    poplsargs                 001B0D RLA    
tossubeax                 001B63 RLA    _ltoa                     001B9B RLA    
_ultoa                    001BDA RLA    getlop                    001C25 RLA    
udiv32                    001C48 RLA    tosulteax                 001C8D RLA    
boolult                   001CB2 RLA    ___bzero                  001CBF RLA    
_mktime                   001DA7 RLA    tosmoda0                  001F73 RLA    
tosumulax                 001F84 RLA    tosumula0                 001FC9 RLA    
mul8x16                   001FCB RLA    mul8x16a                  001FD5 RLA    
negax                     002007 RLA    tosora0                   002015 RLA    
___osmaperrno             002026 RLA    popa                      00203C RLA    
popptr1                   002046 RLA    _printf                   002054 RLA    
push1                     002087 RLA    pusha                     002090 RLA    
pusha0                    0020A4 RLA    pushax                    0020A6 RLA    
pushw                     0020BC RLA    pushw0sp                  0020CB RLA    
pushwysp                  0020CD RLA    _srand                    0020E7 RLA    
_rand                     0020F3 RLA    ___randomize              00211B RLA    
return0                   002121 RLA    rwcommon                  002125 RLA    
popsargsudiv16            00213F RLA    shrax2                    00215F RLA    
staspidx                  00216A RLA    stax0sp                   002180 RLA    
staxysp                   002182 RLA    steaxspidx                00218B RLA    
_strlen                   0021AD RLA    _strlower                 0021C3 RLA    
tossuba0                  0021EA RLA    load_jiffy                0021FE RLA    
tosudivax                 00220D RLA    udiv16                    00221C RLA    
tosumodax                 00225C RLA    _vcprintf                 0022AF RLA    
_vfprintf                 002316 RLA    _write                    00233F RLA    
zerobss                   002391 RLA    __hextab                  0024D2 RLA    
__longminstr              0024E2 RLA    __ctype                   0024F6 RLA    
__ctypeidx                002501 RLA    __DESTRUCTOR_TABLE__      0025DB RLA    
_stdout                   00264D RLA    fdtab                     00267D RLA    
jmpvec                    00268D RLA    __tz                      0026B8 RLA    
TM                        0026C7 RLA    __ONCE_RUN__              0026EB RLA    
__BSS_RUN__               0026EB RLA    initlib                   0026EB RLA    
___oserror                0026F3 RLA    initstdout                002712  LAI   
___errno                  002720 RLA    __CONSTRUCTOR_TABLE__     002723 RLA    
__MAIN_SIZE__             0096F3 REA    __HIMEM__                 009F00 REA    
KBDBUF_PEEK               00FEBD RLA    ENTROPY_GET               00FECF RLA    
CLOCK_GET_DATE_TIME       00FF50 RLA    READST                    00FFB7 RLA    
SETLFS                    00FFBA RLA    OPEN                      00FFC0 RLA    
CKOUT                     00FFC9 RLA    CLRCH                     00FFCC RLA    
BSOUT                     00FFD2 RLA    CHROUT                    00FFD2 RLA    
SETTIM                    00FFDB RLA    RDTIM                     00FFDE RLA    
PLOT                      00FFF0 RLA    


Imports list:
-------------
BSOUT (kernal.o):
    write.o                   cbm/cbm.inc:49
CHROUT (kernal.o):
    crt0.o                    cx16/crt0.s:10
    clrscr.o                  cx16/clrscr.s:10
CKOUT (kernal.o):
    write.o                   cbm/cbm.inc:45
CLOCK_GET_DATE_TIME (kernal.o):
    gettime.o                 cx16/gettime.s:12
CLRCH (kernal.o):
    write.o                   cbm/cbm.inc:46
ENTROPY_GET (kernal.o):
    randomize.o               cx16/randomize.s:10
KBDBUF_PEEK (kernal.o):
    kbhit.o                   cx16/kbhit.s:10
OPEN (kernal.o):
    write.o                   cbm/cbm.inc:35
PLOT (kernal.o):
    cputc.o                   cx16/cputc.s:11
RDTIM (kernal.o):
    clock.o                   cx16/clock.s:11
READST (kernal.o):
    write.o                   cbm/cbm.inc:32
SETLFS (kernal.o):
    write.o                   cbm/cbm.inc:33
SETTIM (kernal.o):
    clock.o                   cx16/clock.s:11
TM (tmcommon.o):
    gettime.o                 cx16/gettime.s:11
__BSS_RUN__ ([linker generated]):
    zerobss.o                 common/zerobss.s:8
__BSS_SIZE__ ([linker generated]):
    zerobss.o                 common/zerobss.s:8
__CONSTRUCTOR_COUNT__ ([linker generated]):
    condes.o                  runtime/condes.s:18
__CONSTRUCTOR_TABLE__ ([linker generated]):
    condes.o                  runtime/condes.s:18
__DESTRUCTOR_COUNT__ ([linker generated]):
    condes.o                  runtime/condes.s:19
__DESTRUCTOR_TABLE__ ([linker generated]):
    condes.o                  runtime/condes.s:19
__EXEHDR__ (exehdr.o):
    [linker generated]        /Volumes/Zort/git/cc65/cfg/cx16.cfg:6
__HEADER_LAST__ ([linker generated]):
    [linker generated]        /Volumes/Zort/git/cc65/cfg/cx16.cfg:14
    [linker generated]        /Volumes/Zort/git/cc65/cfg/cx16.cfg:14
__HIMEM__ ([linker generated]):
    [linker generated]        /Volumes/Zort/git/cc65/cfg/cx16.cfg:15
    [linker generated]        /Volumes/Zort/git/cc65/cfg/cx16.cfg:14
__LOADADDR__ (loadaddr.o):
    [linker generated]        /Volumes/Zort/git/cc65/cfg/cx16.cfg:5
__MAIN_SIZE__ ([linker generated]):
    crt0.o                    cx16/crt0.s:11
__MAIN_START__ ([linker generated]):
    crt0.o                    cx16/crt0.s:11
__ONCE_RUN__ ([linker generated]):
    [linker generated]        /Volumes/Zort/git/cc65/cfg/cx16.cfg:15
    [linker generated]        /Volumes/Zort/git/cc65/cfg/cx16.cfg:15
__STACKSIZE__ ([linker generated]):
    [linker generated]        /Volumes/Zort/git/cc65/cfg/cx16.cfg:15
__STARTUP__ (crt0.o):
    main.o                    main.s:13
___bzero (memset.o):
    creature.o                creature.s:661
___directerrno (_directerrno.o):
    write.o                   /Volumes/Zort/git/cc65/asminc/errno.inc:10
___errno (errno.o):
    _seterrno.o               /Volumes/Zort/git/cc65/asminc/errno.inc:7
___mappederrno (_mappederrno.o):
    write.o                   /Volumes/Zort/git/cc65/asminc/errno.inc:10
___oserror (_oserror.o):
    _mappederrno.o            /Volumes/Zort/git/cc65/asminc/errno.inc:7
    _directerrno.o            /Volumes/Zort/git/cc65/asminc/errno.inc:7
    write.o                   /Volumes/Zort/git/cc65/asminc/errno.inc:7
___osmaperrno (oserror.o):
    _mappederrno.o            /Volumes/Zort/git/cc65/asminc/errno.inc:8
___randomize (randomize.o):
    main.o                    main.s:16
___seterrno (_seterrno.o):
    _mappederrno.o            /Volumes/Zort/git/cc65/asminc/errno.inc:9
    _directerrno.o            /Volumes/Zort/git/cc65/asminc/errno.inc:9
    fwrite.o                  /Volumes/Zort/git/cc65/asminc/errno.inc:9
__ctype (ctype.o):
    ctypemask.o               common/ctypemask.s:23
__ctypeidx (ctype.o):
    ctypemask.o               common/ctypemask.s:24
__hextab (_hextab.o):
    ltoa.o                    common/ltoa.s:10
__longminstr (_longminstr.o):
    ltoa.o                    common/ltoa.s:10
__printf (_printf.o):
    vfprintf.o                common/vfprintf.s:10
    vcprintf.o                conio/vcprintf.s:9
__sys (_sys.o):
    main.o                    main.s:14
__tz (timezone.o):
    mktime.o                  common/mktime.s:12
_biochem_apply (biochem.o):
    creature.o                creature.s:29
_biochem_consume_energy (biochem.o):
    main.o                    main.s:29
_biochem_init (biochem.o):
    creature.o                creature.s:28
_clock (clock.o):
    timer.o                   timer.s:13
_clock_gettime (gettime.o):
    timer.o                   timer.s:14
_clrscr (clrscr.o):
    map.o                     map.s:13
_cprintf (cprintf.o):
    creature.o                creature.s:17
    main.o                    main.s:19
_cputc (cputc.o):
    vcprintf.o                conio/vcprintf.s:9
    cputs.o                   conio/cputs.s:9
    map.o                     map.s:15
    creature.o                creature.s:16
_cputsxy (cputs.o):
    map.o                     map.s:16
_creature_debug (creature.o):
    main.o                    main.s:26
_creature_extract (creature.o):
    main.o                    main.s:22
_creature_go (creature.o):
    main.o                    main.s:25
_creature_init (creature.o):
    main.o                    main.s:24
_creature_memwipe (creature.o):
    main.o                    main.s:21
_creature_show (creature.o):
    main.o                    main.s:23
_div (divt.o):
    mktime.o                  common/mktime.s:14
_exit (crt0.o):
    main.o                    main.s:17
_fwrite (fwrite.o):
    vfprintf.o                common/vfprintf.s:10
_gotoxy (gotoxy.o):
    map.o                     map.s:14
    creature.o                creature.s:15
_kbhit (kbhit.o):
    main.o                    main.s:18
_ltoa (ltoa.o):
    _printf.o                 common/_printf.s:12
_main (main.o):
    callmain.o                runtime/callmain.s:11
_map_show (map.o):
    main.o                    main.s:28
_map_show_cell (map.o):
    main.o                    main.s:27
_mktime (mktime.o):
    gettime.o                 /Volumes/Zort/git/cc65/asminc/time.inc:68
_printf (printf.o):
    test.o                    test.s:13
    system.o                  system.s:13
    creature.o                creature.s:19
    biochem.o                 biochem.s:13
_rand (rand.o):
    creature.o                creature.s:13
    biochem.o                 biochem.s:14
    main.o                    main.s:15
_srand (rand.o):
    randomize.o               cx16/randomize.s:10
_stdout (_file.o):
    printf.o                  common/printf.s:8
_strlen (strlen.o):
    _printf.o                 common/_printf.s:13
_strlower (strlower.o):
    _printf.o                 common/_printf.s:13
_textcolor (color.o):
    map.o                     map.s:17
    creature.o                creature.s:18
_timer_pause (timer.o):
    main.o                    main.s:20
_ultoa (ltoa.o):
    _printf.o                 common/_printf.s:12
_vcprintf (vcprintf.o):
    cprintf.o                 conio/cprintf.s:8
_vfprintf (vfprintf.o):
    printf.o                  common/printf.s:8
_write (write.o):
    fwrite.o                  common/fwrite.s:10
addeq0sp (addeqsp.o):
    creature.o                creature.s:661
    biochem.o                 biochem.s:657
addysp (addysp.o):
    fwrite.o                  common/fwrite.s:11
    printf.o                  common/printf.s:8
    incsp6.o                  runtime/incsp6.s:8
    incsp5.o                  runtime/incsp5.s:8
    incsp4.o                  runtime/incsp4.s:8
    incsp3.o                  runtime/incsp3.s:8
    cprintf.o                 conio/cprintf.s:8
addysp1 (addysp.o):
    lsub.o                    runtime/lsub.s:11
    sub.o                     runtime/sub.s:8
    or.o                      runtime/or.s:9
    ludiv.o                   runtime/ludiv.s:9
    lmul.o                    runtime/lmul.s:9
    ladd.o                    runtime/ladd.s:8
aslax1 (aslax1.o):
    creature.o                creature.s:661
    biochem.o                 biochem.s:657
aslax2 (aslax2.o):
    creature.o                creature.s:661
aslax3 (aslax3.o):
    creature.o                creature.s:661
    biochem.o                 biochem.s:657
axlong (axlong.o):
    _printf.o                 common/_printf.s:11
axulong (axlong.o):
    _printf.o                 common/_printf.s:11
    timer.o                   timer.s:93
boolult (makebool.o):
    lult.o                    runtime/lult.s:8
callmain (callmain.o):
    crt0.o                    cx16/crt0.s:9
ctypemaskdirect (ctypemask.o):
    strlower.o                common/strlower.s:14
decsp1 (decsp1.o):
    creature.o                creature.s:661
    biochem.o                 biochem.s:657
decsp2 (decsp2.o):
    map.o                     map.s:150
    creature.o                creature.s:661
    biochem.o                 biochem.s:657
decsp3 (decsp3.o):
    creature.o                creature.s:661
decsp4 (decsp4.o):
    lpush.o                   runtime/lpush.s:12
decsp6 (decsp6.o):
    _printf.o                 common/_printf.s:11
    main.o                    main.s:188
donelib (condes.o):
    crt0.o                    cx16/crt0.s:8
fdtab (filedes.o):
    write.o                   cbm/filedes.inc:7
getlop (ludiv.o):
    lshelp.o                  runtime/lshelp.s:11
gotoxy (gotoxy.o):
    cputs.o                   conio/cputs.s:9
    cputc.o                   cx16/cputc.s:11
incax7 (incax7.o):
    creature.o                creature.s:661
    biochem.o                 biochem.s:657
incax8 (incax8.o):
    creature.o                creature.s:661
    biochem.o                 biochem.s:657
    biochem.o                 biochem.s:657
    main.o                    main.s:188
incaxy (incaxy.o):
    incax8.o                  runtime/incax8.s:8
    incax7.o                  runtime/incax7.s:8
    creature.o                creature.s:661
    creature.o                creature.s:661
    biochem.o                 biochem.s:657
    biochem.o                 biochem.s:657
    biochem.o                 biochem.s:657
    biochem.o                 biochem.s:657
    main.o                    main.s:188
incsp1 (incsp1.o):
    gettime.o                 cx16/gettime.s:10
    creature.o                creature.s:661
incsp2 (incsp2.o):
    staspidx.o                runtime/staspidx.s:8
    popptr1.o                 runtime/popptr1.s:8
    map.o                     map.s:150
    creature.o                creature.s:661
    main.o                    main.s:188
incsp3 (incsp3.o):
    creature.o                creature.s:661
    creature.o                creature.s:661
    creature.o                creature.s:661
    creature.o                creature.s:661
    creature.o                creature.s:661
    creature.o                creature.s:661
    biochem.o                 biochem.s:657
    biochem.o                 biochem.s:657
    biochem.o                 biochem.s:657
    main.o                    main.s:188
incsp4 (incsp4.o):
    lcmp.o                    runtime/lcmp.s:9
    creature.o                creature.s:661
    biochem.o                 biochem.s:657
    biochem.o                 biochem.s:657
incsp5 (incsp5.o):
    map.o                     map.s:150
incsp6 (incsp6.o):
    fwrite.o                  common/fwrite.s:11
    vfprintf.o                common/vfprintf.s:9
    timer.o                   timer.s:93
    main.o                    main.s:188
initlib (condes.o):
    crt0.o                    cx16/crt0.s:8
jmpvec (jmpvec.o):
    _sys.o                    common/_sys.s:8
ldax0sp (ldaxsp.o):
    creature.o                creature.s:661
    creature.o                creature.s:661
    creature.o                creature.s:661
    creature.o                creature.s:661
    creature.o                creature.s:661
    creature.o                creature.s:661
    biochem.o                 biochem.s:657
    biochem.o                 biochem.s:657
    main.o                    main.s:188
ldaxysp (ldaxsp.o):
    fwrite.o                  common/fwrite.s:11
    timer.o                   timer.s:93
    creature.o                creature.s:661
    creature.o                creature.s:661
    creature.o                creature.s:661
    creature.o                creature.s:661
    creature.o                creature.s:661
    creature.o                creature.s:661
    biochem.o                 biochem.s:657
    biochem.o                 biochem.s:657
    biochem.o                 biochem.s:657
    biochem.o                 biochem.s:657
    biochem.o                 biochem.s:657
    main.o                    main.s:188
    main.o                    main.s:188
ldeaxysp (ldeaxysp.o):
    timer.o                   timer.s:93
load_jiffy (tmcommon.o):
    gettime.o                 cx16/gettime.s:11
mul8x16 (mul8.o):
    mul.o                     runtime/mul.s:8
mul8x16a (mul8.o):
    mul.o                     runtime/mul.s:8
negax (negabs.o):
    div.o                     runtime/div.s:11
    divt.o                    common/divt.s:17
    shelp.o                   runtime/shelp.s:11
    mod.o                     runtime/mod.s:11
negeax (lneg.o):
    ltoa.o                    common/ltoa.s:9
    ldiv.o                    runtime/ldiv.s:11
plot (cputc.o):
    gotoxy.o                  cx16/gotoxy.s:9
popa (popa.o):
    gotoxy.o                  cx16/gotoxy.s:9
popax (incsp2.o):
    rwcommon.o                cbm/rwcommon.s:9
    ltoa.o                    common/ltoa.s:9
    _printf.o                 common/_printf.s:11
    vcprintf.o                conio/vcprintf.s:8
    shelp.o                   runtime/shelp.s:11
    memset.o                  common/memset.s:19
poplsargs (lshelp.o):
    ldiv.o                    runtime/ldiv.s:11
popptr1 (popptr1.o):
    rwcommon.o                cbm/rwcommon.s:9
    ltoa.o                    common/ltoa.s:9
    vcprintf.o                conio/vcprintf.s:8
    umod.o                    runtime/umod.s:8
    udiv.o                    runtime/udiv.s:9
    steaxspi.o                runtime/steaxspi.s:9
    mul8.o                    runtime/mul8.s:9
    mul.o                     runtime/mul.s:9
popsargsudiv16 (shelp.o):
    div.o                     runtime/div.s:11
    mod.o                     runtime/mod.s:11
ptr1 (zeropage.o):
    div.o                     runtime/div.s:12
    write.o                   cbm/write.s:11
    strlower.o                common/strlower.s:13
    ltoa.o                    common/ltoa.s:11
    lcmp.o                    runtime/lcmp.s:10
    fwrite.o                  common/fwrite.s:14
    _printf.o                 /Volumes/Zort/git/cc65/asminc/zeropage.inc:12
    zerobss.o                 common/zerobss.s:9
    vfprintf.o                common/vfprintf.s:11
    vcprintf.o                conio/vcprintf.s:10
    udiv.o                    runtime/udiv.s:10
    steaxspi.o                runtime/steaxspi.s:10
    staspidx.o                runtime/staspidx.s:9
    shelp.o                   runtime/shelp.s:12
    pushw.o                   runtime/pushw.s:9
    printf.o                  common/printf.s:9
    popptr1.o                 runtime/popptr1.s:9
    mul8.o                    runtime/mul8.s:10
    mul.o                     runtime/mul.s:10
    memset.o                  common/memset.s:20
    ludiv.o                   runtime/ludiv.s:10
    lshelp.o                  runtime/lshelp.s:12
    lmul.o                    runtime/lmul.s:10
    ldiv.o                    runtime/ldiv.s:12
    cputs.o                   conio/cputs.s:10
    cprintf.o                 conio/cprintf.s:9
    _sys.o                    common/_sys.s:9
    map.o                     map.s:11
    creature.o                creature.s:11
    biochem.o                 biochem.s:11
    main.o                    main.s:11
ptr2 (zeropage.o):
    rwcommon.o                cbm/rwcommon.s:10
    write.o                   cbm/write.s:11
    strlower.o                common/strlower.s:13
    ltoa.o                    common/ltoa.s:11
    _printf.o                 /Volumes/Zort/git/cc65/asminc/zeropage.inc:12
    vcprintf.o                conio/vcprintf.s:10
    mktime.o                  common/mktime.s:15
    memset.o                  common/memset.s:20
    ludiv.o                   runtime/ludiv.s:10
    biochem.o                 biochem.s:11
ptr3 (zeropage.o):
    rwcommon.o                cbm/rwcommon.s:10
    write.o                   cbm/write.s:11
    ltoa.o                    common/ltoa.s:11
    vcprintf.o                conio/vcprintf.s:10
    memset.o                  common/memset.s:20
    ludiv.o                   runtime/ludiv.s:10
    lshelp.o                  runtime/lshelp.s:12
    lmul.o                    runtime/lmul.s:10
ptr4 (zeropage.o):
    strlen.o                  common/strlen.s:12
    umod.o                    runtime/umod.s:9
    udiv.o                    runtime/udiv.s:10
    shelp.o                   runtime/shelp.s:12
    mul8.o                    runtime/mul8.s:10
    mul.o                     runtime/mul.s:10
    ludiv.o                   runtime/ludiv.s:10
    lshelp.o                  runtime/lshelp.s:12
    lmul.o                    runtime/lmul.s:10
push1 (push1.o):
    _printf.o                 common/_printf.s:11
    vfprintf.o                common/vfprintf.s:9
pusha (pusha.o):
    timer.o                   timer.s:93
    map.o                     map.s:150
    map.o                     map.s:150
    creature.o                creature.s:661
    creature.o                creature.s:661
    creature.o                creature.s:661
    creature.o                creature.s:661
    creature.o                creature.s:661
    creature.o                creature.s:661
    creature.o                creature.s:661
    biochem.o                 biochem.s:657
    biochem.o                 biochem.s:657
    main.o                    main.s:188
pusha0 (pushax.o):
    push1.o                   runtime/push1.s:8
    fwrite.o                  common/fwrite.s:11
    mktime.o                  common/mktime.s:13
    map.o                     map.s:150
    creature.o                creature.s:661
    creature.o                creature.s:661
    creature.o                creature.s:661
    creature.o                creature.s:661
    biochem.o                 biochem.s:657
    biochem.o                 biochem.s:657
    main.o                    main.s:188
pushax (pushax.o):
    fwrite.o                  common/fwrite.s:11
    callmain.o                runtime/callmain.s:11
    _printf.o                 common/_printf.s:11
    vcprintf.o                conio/vcprintf.s:8
    pushw.o                   runtime/pushw.s:8
    printf.o                  common/printf.s:8
    mktime.o                  common/mktime.s:13
    gettime.o                 cx16/gettime.s:10
    cprintf.o                 conio/cprintf.s:8
    timer.o                   timer.s:93
    test.o                    test.s:39
    system.o                  system.s:38
    map.o                     map.s:150
    creature.o                creature.s:661
    creature.o                creature.s:661
    creature.o                creature.s:661
    creature.o                creature.s:661
    creature.o                creature.s:661
    creature.o                creature.s:661
    creature.o                creature.s:661
    creature.o                creature.s:661
    biochem.o                 biochem.s:657
    biochem.o                 biochem.s:657
    biochem.o                 biochem.s:657
    biochem.o                 biochem.s:657
    main.o                    main.s:188
    main.o                    main.s:188
pusheax (lpush.o):
    _printf.o                 common/_printf.s:11
    mktime.o                  common/mktime.s:13
    gettime.o                 cx16/gettime.s:10
    timer.o                   timer.s:93
    timer.o                   timer.s:93
pushw (pushw.o):
    biochem.o                 biochem.s:657
pushw0sp (pushwsp.o):
    creature.o                creature.s:661
    creature.o                creature.s:661
    main.o                    main.s:188
pushwysp (pushwsp.o):
    fwrite.o                  common/fwrite.s:11
    vfprintf.o                common/vfprintf.s:9
    creature.o                creature.s:661
    biochem.o                 biochem.s:657
    biochem.o                 biochem.s:657
regbank (zeropage.o):
    _printf.o                 /Volumes/Zort/git/cc65/asminc/zeropage.inc:14
return0 (return0.o):
    gettime.o                 cx16/gettime.s:10
rwcommon (rwcommon.o):
    write.o                   cbm/write.s:10
shrax2 (shrax2.o):
    mktime.o                  common/mktime.s:14
sp (zeropage.o):
    lsub.o                    runtime/lsub.s:12
    lcmp.o                    runtime/lcmp.s:10
    decsp4.o                  runtime/decsp4.s:8
    addysp.o                  runtime/addysp.s:8
    _printf.o                 /Volumes/Zort/git/cc65/asminc/zeropage.inc:11
    vfprintf.o                common/vfprintf.s:11
    vcprintf.o                conio/vcprintf.s:10
    sub.o                     runtime/sub.s:9
    staxsp.o                  runtime/staxsp.s:8
    staspidx.o                runtime/staspidx.s:9
    pushwsp.o                 runtime/pushwsp.s:8
    pushax.o                  runtime/pushax.s:8
    pusha.o                   runtime/pusha.s:8
    printf.o                  common/printf.s:9
    popptr1.o                 runtime/popptr1.s:9
    popa.o                    runtime/popa.s:8
    or.o                      runtime/or.s:10
    memset.o                  common/memset.s:20
    ludiv.o                   runtime/ludiv.s:10
    lpush.o                   runtime/lpush.s:13
    lmul.o                    runtime/lmul.s:10
    ldeaxysp.o                runtime/ldeaxysp.s:12
    ldaxsp.o                  runtime/ldaxsp.s:8
    ladd.o                    runtime/ladd.s:9
    incsp2.o                  runtime/incsp2.s:8
    incsp1.o                  runtime/incsp1.s:8
    decsp6.o                  runtime/decsp6.s:8
    decsp3.o                  runtime/decsp3.s:8
    decsp2.o                  runtime/decsp2.s:8
    decsp1.o                  runtime/decsp1.s:8
    crt0.o                    /Volumes/Zort/git/cc65/asminc/zeropage.inc:11
    cprintf.o                 conio/cprintf.s:9
    addeqsp.o                 runtime/addeqsp.s:8
    add.o                     runtime/add.s:12
    map.o                     map.s:10
    creature.o                creature.s:10
    biochem.o                 biochem.s:10
    main.o                    main.s:10
sreg (zeropage.o):
    ltoa.o                    common/ltoa.s:11
    lsub.o                    runtime/lsub.s:12
    lcmp.o                    runtime/lcmp.s:10
    divt.o                    common/divt.s:18
    _printf.o                 /Volumes/Zort/git/cc65/asminc/zeropage.inc:11
    umod.o                    runtime/umod.s:9
    udiv.o                    runtime/udiv.s:10
    tmcommon.o                cx16/tmcommon.s:9
    steaxspi.o                runtime/steaxspi.s:10
    mod.o                     runtime/mod.s:12
    mktime.o                  common/mktime.s:15
    ludiv.o                   runtime/ludiv.s:10
    lshelp.o                  runtime/lshelp.s:12
    lpush.o                   runtime/lpush.s:13
    lneg.o                    runtime/lneg.s:11
    lmul.o                    runtime/lmul.s:10
    ldiv.o                    runtime/ldiv.s:12
    ldeaxysp.o                runtime/ldeaxysp.s:12
    ladd.o                    runtime/ladd.s:9
    clock.o                   cx16/clock.s:12
    axlong.o                  runtime/axlong.s:9
    timer.o                   timer.s:10
    creature.o                creature.s:10
    biochem.o                 biochem.s:10
staspidx (staspidx.o):
    creature.o                creature.s:661
    creature.o                creature.s:661
    biochem.o                 biochem.s:657
stax0sp (staxsp.o):
    creature.o                creature.s:661
    creature.o                creature.s:661
    biochem.o                 biochem.s:657
staxysp (staxsp.o):
    main.o                    main.s:188
steaxspidx (steaxspi.o):
    gettime.o                 cx16/gettime.s:10
tmp1 (zeropage.o):
    div.o                     runtime/div.s:12
    ltoa.o                    common/ltoa.s:11
    divt.o                    common/divt.s:18
    _printf.o                 /Volumes/Zort/git/cc65/asminc/zeropage.inc:13
    vcprintf.o                conio/vcprintf.s:10
    steaxspi.o                runtime/steaxspi.s:10
    staspidx.o                runtime/staspidx.s:9
    shrax2.o                  runtime/shrax2.s:8
    shelp.o                   runtime/shelp.s:12
    or.o                      runtime/or.s:10
    mul.o                     runtime/mul.s:10
    mod.o                     runtime/mod.s:12
    lshelp.o                  runtime/lshelp.s:12
    ldiv.o                    runtime/ldiv.s:12
    ladd.o                    runtime/ladd.s:9
    incaxy.o                  runtime/incaxy.s:8
    color.o                   cx16/color.s:11
    aslax3.o                  runtime/aslax3.s:8
    aslax2.o                  runtime/aslax2.s:8
    aslax1.o                  runtime/aslax1.s:8
tmp2 (zeropage.o):
    rwcommon.o                cbm/rwcommon.s:10
    div.o                     runtime/div.s:12
    steaxspi.o                runtime/steaxspi.s:10
    shelp.o                   runtime/shelp.s:12
    lshelp.o                  runtime/lshelp.s:12
    lmul.o                    runtime/lmul.s:10
    ldiv.o                    runtime/ldiv.s:12
tmp3 (zeropage.o):
    steaxspi.o                runtime/steaxspi.s:10
    mktime.o                  common/mktime.s:15
    ludiv.o                   runtime/ludiv.s:10
    lmul.o                    runtime/lmul.s:10
tmp4 (zeropage.o):
    ludiv.o                   runtime/ludiv.s:10
    lmul.o                    runtime/lmul.s:10
tosaddax (add.o):
    map.o                     map.s:150
tosaddeax (ladd.o):
    mktime.o                  common/mktime.s:14
    timer.o                   timer.s:93
tosdivax (div.o):
    divt.o                    common/divt.s:17
tosdiveax (ldiv.o):
    timer.o                   timer.s:93
toslcmp (lcmp.o):
    lult.o                    runtime/lult.s:8
tosmoda0 (mod.o):
    creature.o                creature.s:661
    creature.o                creature.s:661
    biochem.o                 biochem.s:657
    main.o                    main.s:188
tosmul0ax (lmul.o):
    gettime.o                 cx16/gettime.s:10
tosora0 (or.o):
    creature.o                creature.s:661
    creature.o                creature.s:661
tossuba0 (sub.o):
    biochem.o                 biochem.s:657
tossubeax (lsub.o):
    mktime.o                  common/mktime.s:14
tosudivax (udiv.o):
    fwrite.o                  common/fwrite.s:12
tosulteax (lult.o):
    timer.o                   timer.s:93
tosumodax (umod.o):
    mktime.o                  common/mktime.s:14
tosumula0 (mul8.o):
    map.o                     map.s:150
tosumulax (mul.o):
    fwrite.o                  common/fwrite.s:12
    mktime.o                  common/mktime.s:14
tosumuleax (lmul.o):
    mktime.o                  common/mktime.s:14
udiv16 (udiv.o):
    umod.o                    runtime/umod.s:8
    shelp.o                   runtime/shelp.s:11
udiv32 (ludiv.o):
    ldiv.o                    runtime/ldiv.s:11
zerobss (zerobss.o):
    crt0.o                    cx16/crt0.s:9

