Modules list:
-------------
main.o:
    CODE              Offs=000000  Size=000178  Align=00001  Fill=0000
    RODATA            Offs=000000  Size=000020  Align=00001  Fill=0000
    DATA              Offs=000000  Size=000002  Align=00001  Fill=0000
debug.o:
    CODE              Offs=000178  Size=00003D  Align=00001  Fill=0000
    RODATA            Offs=000020  Size=000022  Align=00001  Fill=0000
creature.o:
    CODE              Offs=0001B5  Size=000110  Align=00001  Fill=0000
food.o:
    CODE              Offs=0002C5  Size=00006F  Align=00001  Fill=0000
map.o:
    CODE              Offs=000334  Size=000122  Align=00001  Fill=0000
plant.o:
    CODE              Offs=000456  Size=000249  Align=00001  Fill=0000
timer.o:
    CODE              Offs=00069F  Size=00003F  Align=00001  Fill=0000
    BSS               Offs=000000  Size=000008  Align=00001  Fill=0000
/Volumes/Zort/git/cc65/lib/cx16.lib(_cursor.o):
    BSS               Offs=000008  Size=000001  Align=00001  Fill=0000
/Volumes/Zort/git/cc65/lib/cx16.lib(_hextab.o):
    RODATA            Offs=000042  Size=000010  Align=00001  Fill=0000
/Volumes/Zort/git/cc65/lib/cx16.lib(_longminstr.o):
    RODATA            Offs=000052  Size=00000C  Align=00001  Fill=0000
/Volumes/Zort/git/cc65/lib/cx16.lib(_printf.o):
    CODE              Offs=0006DE  Size=0003A1  Align=00001  Fill=0000
    BSS               Offs=000009  Size=00002B  Align=00001  Fill=0000
    DATA              Offs=000002  Size=000003  Align=00001  Fill=0000
/Volumes/Zort/git/cc65/lib/cx16.lib(addeqsp.o):
    CODE              Offs=000A7F  Size=000011  Align=00001  Fill=0000
/Volumes/Zort/git/cc65/lib/cx16.lib(addysp.o):
    CODE              Offs=000A90  Size=00000E  Align=00001  Fill=0000
/Volumes/Zort/git/cc65/lib/cx16.lib(aslax1.o):
    CODE              Offs=000A9E  Size=000008  Align=00001  Fill=0000
/Volumes/Zort/git/cc65/lib/cx16.lib(aslax2.o):
    CODE              Offs=000AA6  Size=00000B  Align=00001  Fill=0000
/Volumes/Zort/git/cc65/lib/cx16.lib(aslax4.o):
    CODE              Offs=000AB1  Size=000011  Align=00001  Fill=0000
/Volumes/Zort/git/cc65/lib/cx16.lib(axlong.o):
    CODE              Offs=000AC2  Size=00000D  Align=00001  Fill=0000
/Volumes/Zort/git/cc65/lib/cx16.lib(c_bsout.o):
/Volumes/Zort/git/cc65/lib/cx16.lib(callmain.o):
    CODE              Offs=000ACF  Size=000017  Align=00001  Fill=0000
    DATA              Offs=000005  Size=000004  Align=00001  Fill=0000
/Volumes/Zort/git/cc65/lib/cx16.lib(cgetc.o):
    CODE              Offs=000AE6  Size=000067  Align=00001  Fill=0000
/Volumes/Zort/git/cc65/lib/cx16.lib(chline.o):
    CODE              Offs=000B4D  Size=000015  Align=00001  Fill=0000
/Volumes/Zort/git/cc65/lib/cx16.lib(clinechars.o):
/Volumes/Zort/git/cc65/lib/cx16.lib(clrscr.o):
    CODE              Offs=000B62  Size=000011  Align=00001  Fill=0000
/Volumes/Zort/git/cc65/lib/cx16.lib(color.o):
    CODE              Offs=000B73  Size=00002A  Align=00001  Fill=0000
/Volumes/Zort/git/cc65/lib/cx16.lib(condes.o):
    CODE              Offs=000B9D  Size=00000C  Align=00001  Fill=0000
    DATA              Offs=000009  Size=000025  Align=00001  Fill=0000
    ONCE              Offs=000000  Size=00000C  Align=00001  Fill=0000
/Volumes/Zort/git/cc65/lib/cx16.lib(cprintf.o):
    CODE              Offs=000BA9  Size=00002A  Align=00001  Fill=0000
    BSS               Offs=000034  Size=000001  Align=00001  Fill=0000
/Volumes/Zort/git/cc65/lib/cx16.lib(cputc.o):
    CODE              Offs=000BD3  Size=000062  Align=00001  Fill=0000
    RODATA            Offs=00005E  Size=000008  Align=00001  Fill=0000
/Volumes/Zort/git/cc65/lib/cx16.lib(crt0.o):
    STARTUP           Offs=000000  Size=000021  Align=00001  Fill=0000
    ONCE              Offs=00000C  Size=00001B  Align=00001  Fill=0000
    INIT              Offs=000000  Size=000002  Align=00001  Fill=0000
/Volumes/Zort/git/cc65/lib/cx16.lib(ctype.o):
    RODATA            Offs=000066  Size=00008B  Align=00001  Fill=0000
/Volumes/Zort/git/cc65/lib/cx16.lib(ctypemask.o):
    CODE              Offs=000C35  Size=00001E  Align=00001  Fill=0000
/Volumes/Zort/git/cc65/lib/cx16.lib(decax1.o):
    CODE              Offs=000C53  Size=000007  Align=00001  Fill=0000
/Volumes/Zort/git/cc65/lib/cx16.lib(decsp2.o):
    CODE              Offs=000C5A  Size=00000D  Align=00001  Fill=0000
/Volumes/Zort/git/cc65/lib/cx16.lib(decsp4.o):
    CODE              Offs=000C67  Size=00000D  Align=00001  Fill=0000
/Volumes/Zort/git/cc65/lib/cx16.lib(decsp6.o):
    CODE              Offs=000C74  Size=00000D  Align=00001  Fill=0000
/Volumes/Zort/git/cc65/lib/cx16.lib(div.o):
    CODE              Offs=000C81  Size=000015  Align=00001  Fill=0000
/Volumes/Zort/git/cc65/lib/cx16.lib(divt.o):
    CODE              Offs=000C96  Size=000015  Align=00001  Fill=0000
/Volumes/Zort/git/cc65/lib/cx16.lib(exehdr.o):
    EXEHDR            Offs=000000  Size=00000C  Align=00001  Fill=0000
/Volumes/Zort/git/cc65/lib/cx16.lib(gettime.o):
    CODE              Offs=000CAB  Size=00004C  Align=00001  Fill=0000
/Volumes/Zort/git/cc65/lib/cx16.lib(gotoxy.o):
    CODE              Offs=000CF7  Size=00000F  Align=00001  Fill=0000
/Volumes/Zort/git/cc65/lib/cx16.lib(incaxy.o):
    CODE              Offs=000D06  Size=00000B  Align=00001  Fill=0000
/Volumes/Zort/git/cc65/lib/cx16.lib(incsp1.o):
    CODE              Offs=000D11  Size=000007  Align=00001  Fill=0000
/Volumes/Zort/git/cc65/lib/cx16.lib(incsp2.o):
    CODE              Offs=000D18  Size=000015  Align=00001  Fill=0000
/Volumes/Zort/git/cc65/lib/cx16.lib(incsp3.o):
    CODE              Offs=000D2D  Size=000005  Align=00001  Fill=0000
/Volumes/Zort/git/cc65/lib/cx16.lib(incsp4.o):
    CODE              Offs=000D32  Size=000005  Align=00001  Fill=0000
/Volumes/Zort/git/cc65/lib/cx16.lib(incsp7.o):
    CODE              Offs=000D37  Size=000005  Align=00001  Fill=0000
/Volumes/Zort/git/cc65/lib/cx16.lib(kbhit.o):
    CODE              Offs=000D3C  Size=000005  Align=00001  Fill=0000
/Volumes/Zort/git/cc65/lib/cx16.lib(kernal.o):
/Volumes/Zort/git/cc65/lib/cx16.lib(ladd.o):
    CODE              Offs=000D41  Size=000024  Align=00001  Fill=0000
/Volumes/Zort/git/cc65/lib/cx16.lib(ldaxi.o):
    CODE              Offs=000D65  Size=00000D  Align=00001  Fill=0000
/Volumes/Zort/git/cc65/lib/cx16.lib(ldaxsp.o):
    CODE              Offs=000D72  Size=000009  Align=00001  Fill=0000
/Volumes/Zort/git/cc65/lib/cx16.lib(ldiv.o):
    CODE              Offs=000D7B  Size=00001C  Align=00001  Fill=0000
/Volumes/Zort/git/cc65/lib/cx16.lib(leaaxsp.o):
    CODE              Offs=000D97  Size=00000C  Align=00001  Fill=0000
/Volumes/Zort/git/cc65/lib/cx16.lib(lmul.o):
    CODE              Offs=000DA3  Size=000059  Align=00001  Fill=0000
/Volumes/Zort/git/cc65/lib/cx16.lib(lneg.o):
    CODE              Offs=000DFC  Size=00001E  Align=00001  Fill=0000
/Volumes/Zort/git/cc65/lib/cx16.lib(loadaddr.o):
    LOADADDR          Offs=000000  Size=000002  Align=00001  Fill=0000
/Volumes/Zort/git/cc65/lib/cx16.lib(lpush.o):
    CODE              Offs=000E1A  Size=00001E  Align=00001  Fill=0000
/Volumes/Zort/git/cc65/lib/cx16.lib(lshelp.o):
    CODE              Offs=000E38  Size=000052  Align=00001  Fill=0000
/Volumes/Zort/git/cc65/lib/cx16.lib(lsub.o):
    CODE              Offs=000E8A  Size=000024  Align=00001  Fill=0000
/Volumes/Zort/git/cc65/lib/cx16.lib(ltoa.o):
    CODE              Offs=000EAE  Size=000093  Align=00001  Fill=0000
/Volumes/Zort/git/cc65/lib/cx16.lib(ludiv.o):
    CODE              Offs=000F41  Size=000077  Align=00001  Fill=0000
/Volumes/Zort/git/cc65/lib/cx16.lib(memset.o):
    CODE              Offs=000FB8  Size=00005D  Align=00001  Fill=0000
/Volumes/Zort/git/cc65/lib/cx16.lib(mktime.o):
    CODE              Offs=001015  Size=000257  Align=00001  Fill=0000
    BSS               Offs=000035  Size=000005  Align=00001  Fill=0000
    DATA              Offs=00002E  Size=000024  Align=00001  Fill=0000
/Volumes/Zort/git/cc65/lib/cx16.lib(mod.o):
    CODE              Offs=00126C  Size=000011  Align=00001  Fill=0000
/Volumes/Zort/git/cc65/lib/cx16.lib(mul.o):
    CODE              Offs=00127D  Size=000045  Align=00001  Fill=0000
/Volumes/Zort/git/cc65/lib/cx16.lib(mul8.o):
    CODE              Offs=0012C2  Size=00003A  Align=00001  Fill=0000
/Volumes/Zort/git/cc65/lib/cx16.lib(mulax5.o):
    CODE              Offs=0012FC  Size=000014  Align=00001  Fill=0000
/Volumes/Zort/git/cc65/lib/cx16.lib(negabs.o):
    CODE              Offs=001310  Size=000012  Align=00001  Fill=0000
/Volumes/Zort/git/cc65/lib/cx16.lib(or.o):
    CODE              Offs=001322  Size=000011  Align=00001  Fill=0000
/Volumes/Zort/git/cc65/lib/cx16.lib(popa.o):
    CODE              Offs=001333  Size=00000A  Align=00001  Fill=0000
/Volumes/Zort/git/cc65/lib/cx16.lib(popptr1.o):
    CODE              Offs=00133D  Size=00000E  Align=00001  Fill=0000
/Volumes/Zort/git/cc65/lib/cx16.lib(push1.o):
    CODE              Offs=00134B  Size=000005  Align=00001  Fill=0000
/Volumes/Zort/git/cc65/lib/cx16.lib(pusha.o):
    CODE              Offs=001350  Size=000016  Align=00001  Fill=0000
/Volumes/Zort/git/cc65/lib/cx16.lib(pushax.o):
    CODE              Offs=001366  Size=00001A  Align=00001  Fill=0000
/Volumes/Zort/git/cc65/lib/cx16.lib(pushw.o):
    CODE              Offs=001380  Size=00000F  Align=00001  Fill=0000
/Volumes/Zort/git/cc65/lib/cx16.lib(pushwsp.o):
    CODE              Offs=00138F  Size=00001C  Align=00001  Fill=0000
/Volumes/Zort/git/cc65/lib/cx16.lib(rand.o):
    CODE              Offs=0013AB  Size=000034  Align=00001  Fill=0000
    DATA              Offs=000052  Size=000004  Align=00001  Fill=0000
/Volumes/Zort/git/cc65/lib/cx16.lib(randomize.o):
    CODE              Offs=0013DF  Size=000006  Align=00001  Fill=0000
/Volumes/Zort/git/cc65/lib/cx16.lib(return0.o):
    CODE              Offs=0013E5  Size=000004  Align=00001  Fill=0000
/Volumes/Zort/git/cc65/lib/cx16.lib(shelp.o):
    CODE              Offs=0013E9  Size=000020  Align=00001  Fill=0000
/Volumes/Zort/git/cc65/lib/cx16.lib(shrax1.o):
    CODE              Offs=001409  Size=000008  Align=00001  Fill=0000
/Volumes/Zort/git/cc65/lib/cx16.lib(shrax2.o):
    CODE              Offs=001411  Size=00000B  Align=00001  Fill=0000
/Volumes/Zort/git/cc65/lib/cx16.lib(shrax4.o):
    CODE              Offs=00141C  Size=000011  Align=00001  Fill=0000
/Volumes/Zort/git/cc65/lib/cx16.lib(staspidx.o):
    CODE              Offs=00142D  Size=000016  Align=00001  Fill=0000
/Volumes/Zort/git/cc65/lib/cx16.lib(staxsp.o):
    CODE              Offs=001443  Size=00000B  Align=00001  Fill=0000
/Volumes/Zort/git/cc65/lib/cx16.lib(staxspi.o):
    CODE              Offs=00144E  Size=00001A  Align=00001  Fill=0000
/Volumes/Zort/git/cc65/lib/cx16.lib(steaxspi.o):
    CODE              Offs=001468  Size=000022  Align=00001  Fill=0000
/Volumes/Zort/git/cc65/lib/cx16.lib(strlen.o):
    CODE              Offs=00148A  Size=000016  Align=00001  Fill=0000
/Volumes/Zort/git/cc65/lib/cx16.lib(strlower.o):
    CODE              Offs=0014A0  Size=000027  Align=00001  Fill=0000
/Volumes/Zort/git/cc65/lib/cx16.lib(sub.o):
    CODE              Offs=0014C7  Size=000014  Align=00001  Fill=0000
/Volumes/Zort/git/cc65/lib/cx16.lib(subeqsp.o):
    CODE              Offs=0014DB  Size=000015  Align=00001  Fill=0000
/Volumes/Zort/git/cc65/lib/cx16.lib(timezone.o):
    DATA              Offs=000056  Size=00000F  Align=00001  Fill=0000
/Volumes/Zort/git/cc65/lib/cx16.lib(tmcommon.o):
    CODE              Offs=0014F0  Size=00000D  Align=00001  Fill=0000
    DATA              Offs=000065  Size=000012  Align=00001  Fill=0000
/Volumes/Zort/git/cc65/lib/cx16.lib(udiv.o):
    CODE              Offs=0014FD  Size=00004F  Align=00001  Fill=0000
/Volumes/Zort/git/cc65/lib/cx16.lib(umod.o):
    CODE              Offs=00154C  Size=000011  Align=00001  Fill=0000
/Volumes/Zort/git/cc65/lib/cx16.lib(vcprintf.o):
    CODE              Offs=00155D  Size=000074  Align=00001  Fill=0000
    DATA              Offs=000077  Size=000008  Align=00001  Fill=0000
/Volumes/Zort/git/cc65/lib/cx16.lib(zerobss.o):
    CODE              Offs=0015D1  Size=000023  Align=00001  Fill=0000
/Volumes/Zort/git/cc65/lib/cx16.lib(zeropage.o):
    ZEROPAGE          Offs=000000  Size=00001A  Align=00001  Fill=0000


Segment list:
-------------
Name                   Start     End    Size  Align
----------------------------------------------------
ZEROPAGE              000022  00003B  00001A  00001
LOADADDR              0007FF  000800  000002  00001
EXEHDR                000801  00080C  00000C  00001
STARTUP               00080D  00082D  000021  00001
CODE                  00082E  001E21  0015F4  00001
RODATA                001E22  001F12  0000F1  00001
DATA                  001F13  001F91  00007F  00001
INIT                  001F92  001F93  000002  00001
BSS                   001F94  001FCD  00003A  00001
ONCE                  001F94  001FBA  000027  00001


Exports list by name:
---------------------
BSOUT                     00FFD2 RLA    CHROUT                    00FFD2 RLA    
CLOCK_GET_DATE_TIME       00FF50 RLA    ENTROPY_GET               00FECF RLA    
GETIN                     00FFE4 RLA    KBDBUF_PEEK               00FEBD RLA    
PLOT                      00FFF0 RLA    TM                        001F78 RLA    
__BSS_RUN__               001F94 RLA    __BSS_SIZE__              00003A REA    
__CONSTRUCTOR_COUNT__     000000 REA    __CONSTRUCTOR_TABLE__     001FBB RLA    
__DESTRUCTOR_COUNT__      000000 REA    __DESTRUCTOR_TABLE__      001F13 RLA    
__EXEHDR__                000001 REA    __HEADER_LAST__           00080D RLA    
__HIMEM__                 009F00 REA    __LOADADDR__              000001 REA    
__MAIN_SIZE__             0096F3 REA    __MAIN_START__            00080D RLA    
__ONCE_RUN__              001F94 RLA    __STACKSIZE__             000800 REA    
__STARTUP__               000001 REA    ___randomize              001C0D RLA    
__ctype                   001E88 RLA    __ctypeidx                001E93 RLA    
__hextab                  001E64 RLA    __longminstr              001E74 RLA    
__printf                  000FFD RLA    __tz                      001F69 RLA    
_bgcolor                  0013B4 RLA    _cbm_k_bsout              00FFD2 RLA    
_cgetc                    001314 RLA    _chline                   001380 RLA    
_chlinexy                 00137B RLA    _clock_gettime            0014D9 RLA    
_clrscr                   001390 RLA    _cprintf                  0013D7 RLA    
_cputc                    001406 RLA    _cputcxy                  001401 RLA    
_creature_consume_food    000A89 RLA    _creature_debug           0009A6 RLA    
_creature_move            0009E3 RLA    _div                      0014C4 RLA    
_food_generate            000AF3 RLA    _gotoxy                   001528 RLA    
_kbhit                    00156A RLA    _ltoa                     0016F4 RLA    
_main                     000876 RLA    _map_get_cell             000BD4 RLA    
_map_init                 000B62 RLA    _map_set_cell             000B8C RLA    
_memset                   0017EE RLA    _mktime                   0018CE RLA    
_pause_jiffies            000ECD RLA    _rand                     001BE5 RLA    
_srand                    001BD9 RLA    _strlen                   001CB8 RLA    
_strlower                 001CCE RLA    _textcolor                0013A1 RLA    
_ultoa                    001733 RLA    _vcprintf                 001DCF RLA    
addeqysp                  0012AF RLA    addysp                    0012BF RLA    
addysp1                   0012BE RLA    aslax2                    0012D4 RLA    
axlong                    0012F0 RLA    axulong                   0012F6 RLA    
callmain                  0012FD RLA    chlinechar                000040 REZ    
cputdirect                001419 RLA    ctypemaskdirect           001467 RLA    
cursor                    001F9C RLA    decax1                    001481 RLA    
decsp2                    001488 RLA    decsp4                    001495 RLA    
decsp6                    0014A2 RLA    donelib                   0013CB RLA    
getlop                    00177E RLA    gotoxy                    001525 RLA    
incaxy                    001536 RLA    incsp1                    00153F RLA    
incsp2                    00154D RLA    incsp3                    00155B RLA    
incsp4                    001560 RLA    incsp7                    001565 RLA    
initlib                   001F94 RLA    ldax0sp                   0015A0 RLA    
ldaxi                     001593 RLA    ldaxidx                   001595 RLA    
ldaxysp                   0015A2 RLA    leaa0sp                   0015C5 RLA    
load_jiffy                001D1E RLA    mul8x16                   001AF2 RLA    
mul8x16a                  001AFC RLA    mulax5                    001B2A RLA    
negax                     001B42 RLA    negeax                    00162A RLA    
plot                      001432 RLA    popa                      001B61 RLA    
popax                     001546 RLA    poplsargs                 001666 RLA    
popptr1                   001B6B RLA    popsargsudiv16            001C17 RLA    
ptr1                      00002A RLZ    ptr2                      00002C RLZ    
ptr3                      00002E RLZ    ptr4                      000030 RLZ    
push1                     001B79 RLA    pusha                     001B82 RLA    
pusha0                    001B96 RLA    pushax                    001B98 RLA    
pusheax                   00164F RLA    pushw                     001BAE RLA    
pushw0sp                  001BBD RLA    pushwidx                  001BB0 RLA    
pushwysp                  001BBF RLA    regbank                   000036 RLZ    
return0                   001C13 RLA    shlax1                    0012CC RLA    
shlax4                    0012DF RLA    shrax1                    001C37 RLA    
shrax2                    001C3F RLA    shrax4                    001C4A RLA    
sp                        000022 RLZ    sreg                      000024 RLZ    
staspidx                  001C5B RLA    stax0sp                   001C71 RLA    
staxspidx                 001C7C RLA    steaxspidx                001C96 RLA    
subeq0sp                  001D09 RLA    tmp1                      000032 RLZ    
tmp2                      000033 RLZ    tmp3                      000034 RLZ    
tmp4                      000035 RLZ    tosaddeax                 001575 RLA    
tosdivax                  0014B1 RLA    tosdiveax                 0015AF RLA    
tosmoda0                  001A9A RLA    tosmodax                  001A9C RLA    
tosmul0ax                 0015D1 RLA    tosora0                   001B50 RLA    
tossuba0                  001CF5 RLA    tossubeax                 0016BC RLA    
tosumoda0                 001D7A RLA    tosumodax                 001D7C RLA    
tosumula0                 001AF0 RLA    tosumulax                 001AAB RLA    
tosumuleax                0015D5 RLA    udiv16                    001D3C RLA    
udiv32                    0017A1 RLA    zerobss                   001DFF RLA    



Exports list by value:
----------------------
__CONSTRUCTOR_COUNT__     000000 REA    __DESTRUCTOR_COUNT__      000000 REA    
__LOADADDR__              000001 REA    __EXEHDR__                000001 REA    
__STARTUP__               000001 REA    sp                        000022 RLZ    
sreg                      000024 RLZ    ptr1                      00002A RLZ    
ptr2                      00002C RLZ    ptr3                      00002E RLZ    
ptr4                      000030 RLZ    tmp1                      000032 RLZ    
tmp2                      000033 RLZ    tmp3                      000034 RLZ    
tmp4                      000035 RLZ    regbank                   000036 RLZ    
__BSS_SIZE__              00003A REA    chlinechar                000040 REZ    
__STACKSIZE__             000800 REA    __MAIN_START__            00080D RLA    
__HEADER_LAST__           00080D RLA    _main                     000876 RLA    
_creature_debug           0009A6 RLA    _creature_move            0009E3 RLA    
_creature_consume_food    000A89 RLA    _food_generate            000AF3 RLA    
_map_init                 000B62 RLA    _map_set_cell             000B8C RLA    
_map_get_cell             000BD4 RLA    _pause_jiffies            000ECD RLA    
__printf                  000FFD RLA    addeqysp                  0012AF RLA    
addysp1                   0012BE RLA    addysp                    0012BF RLA    
shlax1                    0012CC RLA    aslax2                    0012D4 RLA    
shlax4                    0012DF RLA    axlong                    0012F0 RLA    
axulong                   0012F6 RLA    callmain                  0012FD RLA    
_cgetc                    001314 RLA    _chlinexy                 00137B RLA    
_chline                   001380 RLA    _clrscr                   001390 RLA    
_textcolor                0013A1 RLA    _bgcolor                  0013B4 RLA    
donelib                   0013CB RLA    _cprintf                  0013D7 RLA    
_cputcxy                  001401 RLA    _cputc                    001406 RLA    
cputdirect                001419 RLA    plot                      001432 RLA    
ctypemaskdirect           001467 RLA    decax1                    001481 RLA    
decsp2                    001488 RLA    decsp4                    001495 RLA    
decsp6                    0014A2 RLA    tosdivax                  0014B1 RLA    
_div                      0014C4 RLA    _clock_gettime            0014D9 RLA    
gotoxy                    001525 RLA    _gotoxy                   001528 RLA    
incaxy                    001536 RLA    incsp1                    00153F RLA    
popax                     001546 RLA    incsp2                    00154D RLA    
incsp3                    00155B RLA    incsp4                    001560 RLA    
incsp7                    001565 RLA    _kbhit                    00156A RLA    
tosaddeax                 001575 RLA    ldaxi                     001593 RLA    
ldaxidx                   001595 RLA    ldax0sp                   0015A0 RLA    
ldaxysp                   0015A2 RLA    tosdiveax                 0015AF RLA    
leaa0sp                   0015C5 RLA    tosmul0ax                 0015D1 RLA    
tosumuleax                0015D5 RLA    negeax                    00162A RLA    
pusheax                   00164F RLA    poplsargs                 001666 RLA    
tossubeax                 0016BC RLA    _ltoa                     0016F4 RLA    
_ultoa                    001733 RLA    getlop                    00177E RLA    
udiv32                    0017A1 RLA    _memset                   0017EE RLA    
_mktime                   0018CE RLA    tosmoda0                  001A9A RLA    
tosmodax                  001A9C RLA    tosumulax                 001AAB RLA    
tosumula0                 001AF0 RLA    mul8x16                   001AF2 RLA    
mul8x16a                  001AFC RLA    mulax5                    001B2A RLA    
negax                     001B42 RLA    tosora0                   001B50 RLA    
popa                      001B61 RLA    popptr1                   001B6B RLA    
push1                     001B79 RLA    pusha                     001B82 RLA    
pusha0                    001B96 RLA    pushax                    001B98 RLA    
pushw                     001BAE RLA    pushwidx                  001BB0 RLA    
pushw0sp                  001BBD RLA    pushwysp                  001BBF RLA    
_srand                    001BD9 RLA    _rand                     001BE5 RLA    
___randomize              001C0D RLA    return0                   001C13 RLA    
popsargsudiv16            001C17 RLA    shrax1                    001C37 RLA    
shrax2                    001C3F RLA    shrax4                    001C4A RLA    
staspidx                  001C5B RLA    stax0sp                   001C71 RLA    
staxspidx                 001C7C RLA    steaxspidx                001C96 RLA    
_strlen                   001CB8 RLA    _strlower                 001CCE RLA    
tossuba0                  001CF5 RLA    subeq0sp                  001D09 RLA    
load_jiffy                001D1E RLA    udiv16                    001D3C RLA    
tosumoda0                 001D7A RLA    tosumodax                 001D7C RLA    
_vcprintf                 001DCF RLA    zerobss                   001DFF RLA    
__hextab                  001E64 RLA    __longminstr              001E74 RLA    
__ctype                   001E88 RLA    __ctypeidx                001E93 RLA    
__DESTRUCTOR_TABLE__      001F13 RLA    __tz                      001F69 RLA    
TM                        001F78 RLA    __ONCE_RUN__              001F94 RLA    
__BSS_RUN__               001F94 RLA    initlib                   001F94 RLA    
cursor                    001F9C RLA    __CONSTRUCTOR_TABLE__     001FBB RLA    
__MAIN_SIZE__             0096F3 REA    __HIMEM__                 009F00 REA    
KBDBUF_PEEK               00FEBD RLA    ENTROPY_GET               00FECF RLA    
CLOCK_GET_DATE_TIME       00FF50 RLA    _cbm_k_bsout              00FFD2 RLA    
CHROUT                    00FFD2 RLA    BSOUT                     00FFD2 RLA    
GETIN                     00FFE4 RLA    PLOT                      00FFF0 RLA    



Imports list:
-------------
BSOUT (kernal.o):
    c_bsout.o                 cbm/cbm.inc:49
CHROUT (kernal.o):
    crt0.o                    cx16/crt0.s:10
    clrscr.o                  cx16/clrscr.s:10
    c_bsout.o                 cbm/cbm.inc:50
CLOCK_GET_DATE_TIME (kernal.o):
    gettime.o                 cx16/gettime.s:12
ENTROPY_GET (kernal.o):
    randomize.o               cx16/randomize.s:10
GETIN (kernal.o):
    cgetc.o                   cx16/cgetc.s:10
KBDBUF_PEEK (kernal.o):
    kbhit.o                   cx16/kbhit.s:10
PLOT (kernal.o):
    cputc.o                   cx16/cputc.s:11
TM (tmcommon.o):
    gettime.o                 cx16/gettime.s:11
__BSS_RUN__ ([linker generated]):
    zerobss.o                 common/zerobss.s:8
__BSS_SIZE__ ([linker generated]):
    zerobss.o                 common/zerobss.s:8
__CONSTRUCTOR_COUNT__ ([linker generated]):
    condes.o                  runtime/condes.s:18
__CONSTRUCTOR_TABLE__ ([linker generated]):
    condes.o                  runtime/condes.s:18
__DESTRUCTOR_COUNT__ ([linker generated]):
    condes.o                  runtime/condes.s:19
__DESTRUCTOR_TABLE__ ([linker generated]):
    condes.o                  runtime/condes.s:19
__EXEHDR__ (exehdr.o):
    [linker generated]        /Volumes/Zort/git/cc65/cfg/cx16.cfg:6
__HEADER_LAST__ ([linker generated]):
    [linker generated]        /Volumes/Zort/git/cc65/cfg/cx16.cfg:14
    [linker generated]        /Volumes/Zort/git/cc65/cfg/cx16.cfg:14
__HIMEM__ ([linker generated]):
    [linker generated]        /Volumes/Zort/git/cc65/cfg/cx16.cfg:15
    [linker generated]        /Volumes/Zort/git/cc65/cfg/cx16.cfg:14
__LOADADDR__ (loadaddr.o):
    [linker generated]        /Volumes/Zort/git/cc65/cfg/cx16.cfg:5
__MAIN_SIZE__ ([linker generated]):
    crt0.o                    cx16/crt0.s:11
__MAIN_START__ ([linker generated]):
    crt0.o                    cx16/crt0.s:11
__ONCE_RUN__ ([linker generated]):
    [linker generated]        /Volumes/Zort/git/cc65/cfg/cx16.cfg:15
    [linker generated]        /Volumes/Zort/git/cc65/cfg/cx16.cfg:15
__STACKSIZE__ ([linker generated]):
    [linker generated]        /Volumes/Zort/git/cc65/cfg/cx16.cfg:15
__STARTUP__ (crt0.o):
    main.o                    main.s:13
___randomize (randomize.o):
    main.o                    main.s:14
__ctype (ctype.o):
    ctypemask.o               common/ctypemask.s:23
__ctypeidx (ctype.o):
    ctypemask.o               common/ctypemask.s:24
__hextab (_hextab.o):
    ltoa.o                    common/ltoa.s:10
__longminstr (_longminstr.o):
    ltoa.o                    common/ltoa.s:10
__printf (_printf.o):
    vcprintf.o                conio/vcprintf.s:9
__tz (timezone.o):
    mktime.o                  common/mktime.s:12
_bgcolor (color.o):
    main.o                    main.s:23
_cbm_k_bsout (c_bsout.o):
    main.o                    main.s:15
_cgetc (cgetc.o):
    main.o                    main.s:21
_chline (chline.o):
    main.o                    main.s:24
_chlinexy (chline.o):
    main.o                    main.s:25
_clock_gettime (gettime.o):
    timer.o                   timer.s:13
_clrscr (clrscr.o):
    main.o                    main.s:16
_cprintf (cprintf.o):
    debug.o                   debug.s:14
    main.o                    main.s:20
_cputc (cputc.o):
    vcprintf.o                conio/vcprintf.s:9
_cputcxy (cputc.o):
    map.o                     map.s:14
    food.o                    food.s:14
    main.o                    main.s:19
_creature_consume_food (creature.o):
    main.o                    main.s:27
_creature_debug (debug.o):
    main.o                    main.s:32
_creature_move (creature.o):
    main.o                    main.s:26
_div (divt.o):
    mktime.o                  common/mktime.s:14
_food_generate (food.o):
    main.o                    main.s:28
_gotoxy (gotoxy.o):
    debug.o                   debug.s:13
    main.o                    main.s:18
_kbhit (kbhit.o):
    cgetc.o                   cx16/cgetc.s:10
    main.o                    main.s:17
_ltoa (ltoa.o):
    _printf.o                 common/_printf.s:12
_main (main.o):
    callmain.o                runtime/callmain.s:11
_map_get_cell (map.o):
    food.o                    food.s:17
    creature.o                creature.s:17
_map_init (map.o):
    main.o                    main.s:29
_map_set_cell (map.o):
    food.o                    food.s:16
    creature.o                creature.s:16
    main.o                    main.s:30
_memset (memset.o):
    map.o                     map.s:13
_mktime (mktime.o):
    gettime.o                 /Volumes/Zort/git/cc65/asminc/time.inc:68
_pause_jiffies (timer.o):
    main.o                    main.s:31
_rand (rand.o):
    plant.o                   plant.s:13
    food.o                    food.s:13
    creature.o                creature.s:13
_srand (rand.o):
    randomize.o               cx16/randomize.s:10
_strlen (strlen.o):
    _printf.o                 common/_printf.s:13
_strlower (strlower.o):
    _printf.o                 common/_printf.s:13
_textcolor (color.o):
    food.o                    food.s:15
    debug.o                   debug.s:15
    main.o                    main.s:22
_ultoa (ltoa.o):
    _printf.o                 common/_printf.s:12
_vcprintf (vcprintf.o):
    cprintf.o                 conio/cprintf.s:8
addeqysp (addeqsp.o):
    main.o                    main.s:239
addysp (addysp.o):
    incsp7.o                  runtime/incsp7.s:8
    incsp4.o                  runtime/incsp4.s:8
    incsp3.o                  runtime/incsp3.s:8
    cprintf.o                 conio/cprintf.s:8
    main.o                    main.s:239
addysp1 (addysp.o):
    lsub.o                    runtime/lsub.s:11
    ladd.o                    runtime/ladd.s:8
    sub.o                     runtime/sub.s:8
    or.o                      runtime/or.s:9
    ludiv.o                   runtime/ludiv.s:9
    lmul.o                    runtime/lmul.s:9
aslax2 (aslax2.o):
    main.o                    main.s:239
axlong (axlong.o):
    _printf.o                 common/_printf.s:11
axulong (axlong.o):
    _printf.o                 common/_printf.s:11
callmain (callmain.o):
    crt0.o                    cx16/crt0.s:9
chlinechar (clinechars.o):
    chline.o                  cbm/chline.s:10
cputdirect (cputc.o):
    chline.o                  cbm/chline.s:9
ctypemaskdirect (ctypemask.o):
    strlower.o                common/strlower.s:14
cursor (_cursor.o):
    cgetc.o                   cx16/cgetc.s:10
decax1 (decax1.o):
    creature.o                creature.s:160
decsp2 (decsp2.o):
    plant.o                   plant.s:327
    map.o                     map.s:209
decsp4 (decsp4.o):
    lpush.o                   runtime/lpush.s:12
decsp6 (decsp6.o):
    _printf.o                 common/_printf.s:11
    main.o                    main.s:239
donelib (condes.o):
    crt0.o                    cx16/crt0.s:8
getlop (ludiv.o):
    lshelp.o                  runtime/lshelp.s:11
gotoxy (gotoxy.o):
    cputc.o                   cx16/cputc.s:11
    chline.o                  cbm/chline.s:9
incaxy (incaxy.o):
    map.o                     map.s:209
    map.o                     map.s:209
    map.o                     map.s:209
    map.o                     map.s:209
    creature.o                creature.s:160
incsp1 (incsp1.o):
    gettime.o                 cx16/gettime.s:10
    map.o                     map.s:209
    main.o                    main.s:239
incsp2 (incsp2.o):
    staxspi.o                 runtime/staxspi.s:9
    staspidx.o                runtime/staspidx.s:8
    popptr1.o                 runtime/popptr1.s:8
    timer.o                   timer.s:74
    plant.o                   plant.s:327
    plant.o                   plant.s:327
    food.o                    food.s:79
    debug.o                   debug.s:61
incsp3 (incsp3.o):
    map.o                     map.s:209
    map.o                     map.s:209
    creature.o                creature.s:160
    creature.o                creature.s:160
incsp4 (incsp4.o):
    plant.o                   plant.s:327
    map.o                     map.s:209
incsp7 (incsp7.o):
    plant.o                   plant.s:327
initlib (condes.o):
    crt0.o                    cx16/crt0.s:8
ldax0sp (ldaxsp.o):
    plant.o                   plant.s:327
    plant.o                   plant.s:327
    plant.o                   plant.s:327
    plant.o                   plant.s:327
ldaxi (ldaxi.o):
    plant.o                   plant.s:327
    plant.o                   plant.s:327
    creature.o                creature.s:160
ldaxidx (ldaxi.o):
    creature.o                creature.s:160
ldaxysp (ldaxsp.o):
    plant.o                   plant.s:327
    plant.o                   plant.s:327
    creature.o                creature.s:160
    creature.o                creature.s:160
    debug.o                   debug.s:61
leaa0sp (leaaxsp.o):
    main.o                    main.s:239
load_jiffy (tmcommon.o):
    gettime.o                 cx16/gettime.s:11
mul8x16 (mul8.o):
    mul.o                     runtime/mul.s:8
mul8x16a (mul8.o):
    mul.o                     runtime/mul.s:8
mulax5 (mulax5.o):
    plant.o                   plant.s:327
negax (negabs.o):
    div.o                     runtime/div.s:11
    divt.o                    common/divt.s:17
    shelp.o                   runtime/shelp.s:11
    mod.o                     runtime/mod.s:11
negeax (lneg.o):
    ltoa.o                    common/ltoa.s:9
    ldiv.o                    runtime/ldiv.s:11
plot (cputc.o):
    gotoxy.o                  cx16/gotoxy.s:9
popa (popa.o):
    gotoxy.o                  cx16/gotoxy.s:9
popax (incsp2.o):
    ltoa.o                    common/ltoa.s:9
    _printf.o                 common/_printf.s:11
    vcprintf.o                conio/vcprintf.s:8
    shelp.o                   runtime/shelp.s:11
    memset.o                  common/memset.s:19
poplsargs (lshelp.o):
    ldiv.o                    runtime/ldiv.s:11
popptr1 (popptr1.o):
    ltoa.o                    common/ltoa.s:9
    vcprintf.o                conio/vcprintf.s:8
    umod.o                    runtime/umod.s:8
    udiv.o                    runtime/udiv.s:9
    steaxspi.o                runtime/steaxspi.s:9
    mul8.o                    runtime/mul8.s:9
    mul.o                     runtime/mul.s:9
popsargsudiv16 (shelp.o):
    div.o                     runtime/div.s:11
    mod.o                     runtime/mod.s:11
ptr1 (zeropage.o):
    div.o                     runtime/div.s:12
    strlower.o                common/strlower.s:13
    ltoa.o                    common/ltoa.s:11
    _printf.o                 /Volumes/Zort/git/cc65/asminc/zeropage.inc:12
    zerobss.o                 common/zerobss.s:9
    vcprintf.o                conio/vcprintf.s:10
    udiv.o                    runtime/udiv.s:10
    steaxspi.o                runtime/steaxspi.s:10
    staxspi.o                 runtime/staxspi.s:10
    staspidx.o                runtime/staspidx.s:9
    shelp.o                   runtime/shelp.s:12
    pushw.o                   runtime/pushw.s:9
    popptr1.o                 runtime/popptr1.s:9
    mulax5.o                  runtime/mulax5.s:9
    mul8.o                    runtime/mul8.s:10
    mul.o                     runtime/mul.s:10
    memset.o                  common/memset.s:20
    ludiv.o                   runtime/ludiv.s:10
    lshelp.o                  runtime/lshelp.s:12
    lmul.o                    runtime/lmul.s:10
    ldiv.o                    runtime/ldiv.s:12
    ldaxi.o                   runtime/ldaxi.s:8
    cprintf.o                 conio/cprintf.s:9
    plant.o                   plant.s:11
    map.o                     map.s:11
    creature.o                creature.s:11
ptr2 (zeropage.o):
    strlower.o                common/strlower.s:13
    ltoa.o                    common/ltoa.s:11
    _printf.o                 /Volumes/Zort/git/cc65/asminc/zeropage.inc:12
    vcprintf.o                conio/vcprintf.s:10
    mktime.o                  common/mktime.s:15
    memset.o                  common/memset.s:20
    ludiv.o                   runtime/ludiv.s:10
ptr3 (zeropage.o):
    ltoa.o                    common/ltoa.s:11
    vcprintf.o                conio/vcprintf.s:10
    memset.o                  common/memset.s:20
    ludiv.o                   runtime/ludiv.s:10
    lshelp.o                  runtime/lshelp.s:12
    lmul.o                    runtime/lmul.s:10
ptr4 (zeropage.o):
    strlen.o                  common/strlen.s:12
    umod.o                    runtime/umod.s:9
    udiv.o                    runtime/udiv.s:10
    shelp.o                   runtime/shelp.s:12
    mul8.o                    runtime/mul8.s:10
    mul.o                     runtime/mul.s:10
    ludiv.o                   runtime/ludiv.s:10
    lshelp.o                  runtime/lshelp.s:12
    lmul.o                    runtime/lmul.s:10
push1 (push1.o):
    _printf.o                 common/_printf.s:11
pusha (pusha.o):
    timer.o                   timer.s:74
    plant.o                   plant.s:327
    map.o                     map.s:209
    map.o                     map.s:209
    map.o                     map.s:209
    map.o                     map.s:209
    food.o                    food.s:79
    creature.o                creature.s:160
    creature.o                creature.s:160
    debug.o                   debug.s:61
    main.o                    main.s:239
    main.o                    main.s:239
pusha0 (pushax.o):
    push1.o                   runtime/push1.s:8
    mktime.o                  common/mktime.s:13
    plant.o                   plant.s:327
    plant.o                   plant.s:327
    map.o                     map.s:209
    map.o                     map.s:209
    map.o                     map.s:209
    map.o                     map.s:209
    main.o                    main.s:239
pushax (pushax.o):
    callmain.o                runtime/callmain.s:11
    _printf.o                 common/_printf.s:11
    vcprintf.o                conio/vcprintf.s:8
    pushw.o                   runtime/pushw.s:8
    mktime.o                  common/mktime.s:13
    gettime.o                 cx16/gettime.s:10
    cprintf.o                 conio/cprintf.s:8
    timer.o                   timer.s:74
    plant.o                   plant.s:327
    plant.o                   plant.s:327
    plant.o                   plant.s:327
    plant.o                   plant.s:327
    map.o                     map.s:209
    food.o                    food.s:79
    creature.o                creature.s:160
    creature.o                creature.s:160
    debug.o                   debug.s:61
    main.o                    main.s:239
    main.o                    main.s:239
pusheax (lpush.o):
    _printf.o                 common/_printf.s:11
    mktime.o                  common/mktime.s:13
    gettime.o                 cx16/gettime.s:10
    timer.o                   timer.s:74
pushw (pushw.o):
    debug.o                   debug.s:61
pushw0sp (pushwsp.o):
    plant.o                   plant.s:327
    plant.o                   plant.s:327
pushwidx (pushw.o):
    debug.o                   debug.s:61
pushwysp (pushwsp.o):
    creature.o                creature.s:160
regbank (zeropage.o):
    _printf.o                 /Volumes/Zort/git/cc65/asminc/zeropage.inc:14
return0 (return0.o):
    gettime.o                 cx16/gettime.s:10
shlax1 (aslax1.o):
    plant.o                   plant.s:327
shlax4 (aslax4.o):
    plant.o                   plant.s:327
shrax1 (shrax1.o):
    plant.o                   plant.s:327
shrax2 (shrax2.o):
    mktime.o                  common/mktime.s:14
shrax4 (shrax4.o):
    plant.o                   plant.s:327
sp (zeropage.o):
    lsub.o                    runtime/lsub.s:12
    ladd.o                    runtime/ladd.s:9
    decsp4.o                  runtime/decsp4.s:8
    _printf.o                 /Volumes/Zort/git/cc65/asminc/zeropage.inc:11
    vcprintf.o                conio/vcprintf.s:10
    subeqsp.o                 runtime/subeqsp.s:8
    sub.o                     runtime/sub.s:9
    staxspi.o                 runtime/staxspi.s:10
    staxsp.o                  runtime/staxsp.s:8
    staspidx.o                runtime/staspidx.s:9
    pushwsp.o                 runtime/pushwsp.s:8
    pushax.o                  runtime/pushax.s:8
    pusha.o                   runtime/pusha.s:8
    popptr1.o                 runtime/popptr1.s:9
    popa.o                    runtime/popa.s:8
    or.o                      runtime/or.s:10
    memset.o                  common/memset.s:20
    ludiv.o                   runtime/ludiv.s:10
    lpush.o                   runtime/lpush.s:13
    lmul.o                    runtime/lmul.s:10
    leaaxsp.o                 runtime/leaaxsp.s:8
    ldaxsp.o                  runtime/ldaxsp.s:8
    incsp2.o                  runtime/incsp2.s:8
    incsp1.o                  runtime/incsp1.s:8
    decsp6.o                  runtime/decsp6.s:8
    decsp2.o                  runtime/decsp2.s:8
    crt0.o                    /Volumes/Zort/git/cc65/asminc/zeropage.inc:11
    cprintf.o                 conio/cprintf.s:9
    addysp.o                  runtime/addysp.s:8
    addeqsp.o                 runtime/addeqsp.s:8
    plant.o                   plant.s:10
    map.o                     map.s:10
    food.o                    food.s:10
    creature.o                creature.s:10
    main.o                    main.s:10
sreg (zeropage.o):
    ltoa.o                    common/ltoa.s:11
    lsub.o                    runtime/lsub.s:12
    ladd.o                    runtime/ladd.s:9
    divt.o                    common/divt.s:18
    axlong.o                  runtime/axlong.s:9
    _printf.o                 /Volumes/Zort/git/cc65/asminc/zeropage.inc:11
    umod.o                    runtime/umod.s:9
    udiv.o                    runtime/udiv.s:10
    tmcommon.o                cx16/tmcommon.s:9
    steaxspi.o                runtime/steaxspi.s:10
    mod.o                     runtime/mod.s:12
    mktime.o                  common/mktime.s:15
    ludiv.o                   runtime/ludiv.s:10
    lshelp.o                  runtime/lshelp.s:12
    lpush.o                   runtime/lpush.s:13
    lneg.o                    runtime/lneg.s:11
    lmul.o                    runtime/lmul.s:10
    ldiv.o                    runtime/ldiv.s:12
    timer.o                   timer.s:10
    plant.o                   plant.s:10
staspidx (staspidx.o):
    plant.o                   plant.s:327
stax0sp (staxsp.o):
    plant.o                   plant.s:327
staxspidx (staxspi.o):
    plant.o                   plant.s:327
    creature.o                creature.s:160
steaxspidx (steaxspi.o):
    gettime.o                 cx16/gettime.s:10
subeq0sp (subeqsp.o):
    timer.o                   timer.s:74
tmp1 (zeropage.o):
    div.o                     runtime/div.s:12
    ltoa.o                    common/ltoa.s:11
    ladd.o                    runtime/ladd.s:9
    divt.o                    common/divt.s:18
    _printf.o                 /Volumes/Zort/git/cc65/asminc/zeropage.inc:13
    vcprintf.o                conio/vcprintf.s:10
    steaxspi.o                runtime/steaxspi.s:10
    staxspi.o                 runtime/staxspi.s:10
    staspidx.o                runtime/staspidx.s:9
    shrax4.o                  runtime/shrax4.s:8
    shrax2.o                  runtime/shrax2.s:8
    shrax1.o                  runtime/shrax1.s:8
    shelp.o                   runtime/shelp.s:12
    or.o                      runtime/or.s:10
    mul.o                     runtime/mul.s:10
    mod.o                     runtime/mod.s:12
    lshelp.o                  runtime/lshelp.s:12
    ldiv.o                    runtime/ldiv.s:12
    incaxy.o                  runtime/incaxy.s:8
    color.o                   cx16/color.s:11
    chline.o                  cbm/chline.s:10
    aslax4.o                  runtime/aslax4.s:8
    aslax2.o                  runtime/aslax2.s:8
    aslax1.o                  runtime/aslax1.s:8
    timer.o                   timer.s:11
tmp2 (zeropage.o):
    div.o                     runtime/div.s:12
    steaxspi.o                runtime/steaxspi.s:10
    shelp.o                   runtime/shelp.s:12
    lshelp.o                  runtime/lshelp.s:12
    lmul.o                    runtime/lmul.s:10
    ldiv.o                    runtime/ldiv.s:12
tmp3 (zeropage.o):
    steaxspi.o                runtime/steaxspi.s:10
    mktime.o                  common/mktime.s:15
    ludiv.o                   runtime/ludiv.s:10
    lmul.o                    runtime/lmul.s:10
tmp4 (zeropage.o):
    ludiv.o                   runtime/ludiv.s:10
    lmul.o                    runtime/lmul.s:10
tosaddeax (ladd.o):
    mktime.o                  common/mktime.s:14
tosdivax (div.o):
    divt.o                    common/divt.s:17
tosdiveax (ldiv.o):
    timer.o                   timer.s:74
tosmoda0 (mod.o):
    plant.o                   plant.s:327
    food.o                    food.s:79
    creature.o                creature.s:160
tosmodax (mod.o):
    plant.o                   plant.s:327
tosmul0ax (lmul.o):
    gettime.o                 cx16/gettime.s:10
tosora0 (or.o):
    plant.o                   plant.s:327
tossuba0 (sub.o):
    plant.o                   plant.s:327
tossubeax (lsub.o):
    mktime.o                  common/mktime.s:14
tosumoda0 (umod.o):
    main.o                    main.s:239
tosumodax (umod.o):
    mktime.o                  common/mktime.s:14
tosumula0 (mul8.o):
    map.o                     map.s:209
    map.o                     map.s:209
    map.o                     map.s:209
tosumulax (mul.o):
    mktime.o                  common/mktime.s:14
tosumuleax (lmul.o):
    mktime.o                  common/mktime.s:14
udiv16 (udiv.o):
    umod.o                    runtime/umod.s:8
    shelp.o                   runtime/shelp.s:11
udiv32 (ludiv.o):
    ldiv.o                    runtime/ldiv.s:11
zerobss (zerobss.o):
    crt0.o                    cx16/crt0.s:9

